Archive member included to satisfy reference by file (symbol)

pico-hd44780/libpico_hd44780.a(hd44780.c.obj)
                              CMakeFiles/pico-temp-fan.dir/main.c.obj (hd44780_init)
/usr/lib/gcc/arm-none-eabi/10.3.1/thumb/v6-m/nofp/libgcc.a(_dvmd_tls.o)
                              CMakeFiles/pico-temp-fan.dir/home/nyereres/pico/pico-sdk/src/rp2_common/pico_divider/divider_hardware.S.obj (__aeabi_idiv0)
/usr/lib/gcc/arm-none-eabi/10.3.1/../../../arm-none-eabi/lib/thumb/v6-m/nofp/libg.a(lib_a-atexit.o)
                              /usr/lib/gcc/arm-none-eabi/10.3.1/../../../arm-none-eabi/lib/thumb/v6-m/nofp/crt0.o (atexit)
/usr/lib/gcc/arm-none-eabi/10.3.1/../../../arm-none-eabi/lib/thumb/v6-m/nofp/libg.a(lib_a-calloc.o)
                              CMakeFiles/pico-temp-fan.dir/home/nyereres/pico/pico-sdk/src/rp2_common/pico_malloc/malloc.c.obj (calloc)
/usr/lib/gcc/arm-none-eabi/10.3.1/../../../arm-none-eabi/lib/thumb/v6-m/nofp/libg.a(lib_a-callocr.o)
                              /usr/lib/gcc/arm-none-eabi/10.3.1/../../../arm-none-eabi/lib/thumb/v6-m/nofp/libg.a(lib_a-calloc.o) (_calloc_r)
/usr/lib/gcc/arm-none-eabi/10.3.1/../../../arm-none-eabi/lib/thumb/v6-m/nofp/libg.a(lib_a-fini.o)
                              /usr/lib/gcc/arm-none-eabi/10.3.1/../../../arm-none-eabi/lib/thumb/v6-m/nofp/crt0.o (__libc_fini_array)
/usr/lib/gcc/arm-none-eabi/10.3.1/../../../arm-none-eabi/lib/thumb/v6-m/nofp/libg.a(lib_a-impure.o)
                              /usr/lib/gcc/arm-none-eabi/10.3.1/../../../arm-none-eabi/lib/thumb/v6-m/nofp/libg.a(lib_a-calloc.o) (_impure_ptr)
/usr/lib/gcc/arm-none-eabi/10.3.1/../../../arm-none-eabi/lib/thumb/v6-m/nofp/libg.a(lib_a-init.o)
                              /usr/lib/gcc/arm-none-eabi/10.3.1/../../../arm-none-eabi/lib/thumb/v6-m/nofp/crt0.o (__libc_init_array)
/usr/lib/gcc/arm-none-eabi/10.3.1/../../../arm-none-eabi/lib/thumb/v6-m/nofp/libg.a(lib_a-lcltime_r.o)
                              CMakeFiles/pico-temp-fan.dir/home/nyereres/pico/pico-sdk/src/common/pico_util/datetime.c.obj (localtime_r)
/usr/lib/gcc/arm-none-eabi/10.3.1/../../../arm-none-eabi/lib/thumb/v6-m/nofp/libg.a(lib_a-malloc.o)
                              CMakeFiles/pico-temp-fan.dir/home/nyereres/pico/pico-sdk/src/rp2_common/pico_malloc/malloc.c.obj (malloc)
/usr/lib/gcc/arm-none-eabi/10.3.1/../../../arm-none-eabi/lib/thumb/v6-m/nofp/libg.a(lib_a-mallocr.o)
                              /usr/lib/gcc/arm-none-eabi/10.3.1/../../../arm-none-eabi/lib/thumb/v6-m/nofp/libg.a(lib_a-callocr.o) (_malloc_r)
/usr/lib/gcc/arm-none-eabi/10.3.1/../../../arm-none-eabi/lib/thumb/v6-m/nofp/libg.a(lib_a-memcmp.o)
                              CMakeFiles/pico-temp-fan.dir/home/nyereres/pico/pico-sdk/src/rp2_common/pico_atomic/atomic.c.obj (memcmp)
/usr/lib/gcc/arm-none-eabi/10.3.1/../../../arm-none-eabi/lib/thumb/v6-m/nofp/libg.a(lib_a-mktime.o)
                              CMakeFiles/pico-temp-fan.dir/home/nyereres/pico/pico-sdk/src/common/pico_util/datetime.c.obj (mktime)
/usr/lib/gcc/arm-none-eabi/10.3.1/../../../arm-none-eabi/lib/thumb/v6-m/nofp/libg.a(lib_a-mlock.o)
                              /usr/lib/gcc/arm-none-eabi/10.3.1/../../../arm-none-eabi/lib/thumb/v6-m/nofp/libg.a(lib_a-mallocr.o) (__malloc_lock)
/usr/lib/gcc/arm-none-eabi/10.3.1/../../../arm-none-eabi/lib/thumb/v6-m/nofp/libg.a(lib_a-month_lengths.o)
                              /usr/lib/gcc/arm-none-eabi/10.3.1/../../../arm-none-eabi/lib/thumb/v6-m/nofp/libg.a(lib_a-lcltime_r.o) (__month_lengths)
/usr/lib/gcc/arm-none-eabi/10.3.1/../../../arm-none-eabi/lib/thumb/v6-m/nofp/libg.a(lib_a-realloc.o)
                              CMakeFiles/pico-temp-fan.dir/home/nyereres/pico/pico-sdk/src/rp2_common/pico_malloc/malloc.c.obj (realloc)
/usr/lib/gcc/arm-none-eabi/10.3.1/../../../arm-none-eabi/lib/thumb/v6-m/nofp/libg.a(lib_a-reallocr.o)
                              /usr/lib/gcc/arm-none-eabi/10.3.1/../../../arm-none-eabi/lib/thumb/v6-m/nofp/libg.a(lib_a-realloc.o) (_realloc_r)
/usr/lib/gcc/arm-none-eabi/10.3.1/../../../arm-none-eabi/lib/thumb/v6-m/nofp/libg.a(lib_a-sbrkr.o)
                              /usr/lib/gcc/arm-none-eabi/10.3.1/../../../arm-none-eabi/lib/thumb/v6-m/nofp/libg.a(lib_a-mallocr.o) (_sbrk_r)
/usr/lib/gcc/arm-none-eabi/10.3.1/../../../arm-none-eabi/lib/thumb/v6-m/nofp/libg.a(lib_a-strlen-stub.o)
                              CMakeFiles/pico-temp-fan.dir/main.c.obj (strlen)
/usr/lib/gcc/arm-none-eabi/10.3.1/../../../arm-none-eabi/lib/thumb/v6-m/nofp/libg.a(lib_a-tzcalc_limits.o)
                              /usr/lib/gcc/arm-none-eabi/10.3.1/../../../arm-none-eabi/lib/thumb/v6-m/nofp/libg.a(lib_a-lcltime_r.o) (__tzcalc_limits)
/usr/lib/gcc/arm-none-eabi/10.3.1/../../../arm-none-eabi/lib/thumb/v6-m/nofp/libg.a(lib_a-tzlock.o)
                              /usr/lib/gcc/arm-none-eabi/10.3.1/../../../arm-none-eabi/lib/thumb/v6-m/nofp/libg.a(lib_a-lcltime_r.o) (__tz_lock)
[...]
Memory Configuration

Name             Origin             Length             Attributes
FLASH            0x0000000010000000 0x0000000000200000 xr
RAM              0x0000000020000000 0x0000000000040000 xrw
SCRATCH_X        0x0000000020040000 0x0000000000001000 xrw
SCRATCH_Y        0x0000000020041000 0x0000000000001000 xrw
*default*        0x0000000000000000 0xffffffffffffffff

Linker script and memory map

LOAD /usr/lib/gcc/arm-none-eabi/10.3.1/thumb/v6-m/nofp/crti.o
LOAD /usr/lib/gcc/arm-none-eabi/10.3.1/thumb/v6-m/nofp/crtbegin.o
LOAD /usr/lib/gcc/arm-none-eabi/10.3.1/../../../arm-none-eabi/lib/thumb/v6-m/nofp/crt0.o

.flash_begin    0x0000000010000000        0x0
                0x0000000010000000                __flash_binary_start = .

.boot2          0x0000000010000000      0x100
                0x0000000010000000                __boot2_start__ = .
 *(.boot2)
 .boot2         0x0000000010000000      0x100 /tmp/ccNyFdy2.o
                0x0000000010000100                __boot2_end__ = .
                0x0000000000000001                ASSERT (((__boot2_end__ - __boot2_start__) == 0x100), ERROR: Pico second stage bootloader must be 256 bytes in size)

.text           0x0000000010000100     0x7044
                0x0000000010000100                __logical_binary_start = .
 *(.vectors)
 .vectors       0x0000000010000100       0xd4 CMakeFiles/pico-temp-fan.dir/home/nyereres/pico/pico-sdk/src/rp2_common/pico_crt0/crt0.S.obj
                0x0000000010000100                __vectors
                0x0000000010000100                __VECTOR_TABLE
                0x00000000100001c0                isr_invalid
                0x00000000100001c0                __default_isrs_start
                0x00000000100001c2                isr_nmi
                0x00000000100001c4                isr_hardfault
                0x00000000100001c6                isr_svcall
                0x00000000100001c8                isr_pendsv
                0x00000000100001ca                isr_systick
                0x00000000100001cc                isr_irq30
                0x00000000100001cc                __unhandled_user_irq
                0x00000000100001cc                isr_irq13
                0x00000000100001cc                isr_irq27
                0x00000000100001cc                isr_irq31
                0x00000000100001cc                isr_irq5
                0x00000000100001cc                isr_irq11
                0x00000000100001cc                isr_irq23
                0x00000000100001cc                isr_irq18
                0x00000000100001cc                isr_irq28
                0x00000000100001cc                isr_irq19
                0x00000000100001cc                isr_irq0
                0x00000000100001cc                isr_irq6
                0x00000000100001cc                isr_irq22
                0x00000000100001cc                isr_irq17
                0x00000000100001cc                isr_irq14
                0x00000000100001cc                isr_irq2
                0x00000000100001cc                isr_irq10
                0x00000000100001cc                isr_irq8
                0x00000000100001cc                isr_irq24
                0x00000000100001cc                isr_irq1
                0x00000000100001cc                isr_irq7
                0x00000000100001cc                isr_irq21
                0x00000000100001cc                isr_irq20
                0x00000000100001cc                isr_irq15
                0x00000000100001cc                isr_irq25
                0x00000000100001cc                isr_irq4
                0x00000000100001cc                isr_irq16
                0x00000000100001cc                isr_irq29
                0x00000000100001cc                isr_irq26
                0x00000000100001cc                __default_isrs_end
                0x00000000100001cc                isr_irq3
                0x00000000100001cc                isr_irq12
                0x00000000100001cc                isr_irq9
                0x00000000100001d2                unhandled_user_irq_num_in_r0
 *(.binary_info_header)
 .binary_info_header
                0x00000000100001d4       0x14 CMakeFiles/pico-temp-fan.dir/home/nyereres/pico/pico-sdk/src/rp2_common/pico_crt0/crt0.S.obj
                0x00000000100001e8                __binary_info_header_end = .
 *(.embedded_block)
                0x00000000100001e8                __embedded_block_end = .
 *(.reset)
 .reset         0x00000000100001e8       0x9c CMakeFiles/pico-temp-fan.dir/home/nyereres/pico/pico-sdk/src/rp2_common/pico_crt0/crt0.S.obj
                0x00000000100001e8                _entry_point
 *(.init)
 .init          0x0000000010000284        0x4 /usr/lib/gcc/arm-none-eabi/10.3.1/thumb/v6-m/nofp/crti.o
                0x0000000010000284                _init
 *(EXCLUDE_FILE(*libm.a: *libc.a:*lib_a-mem*.o *libgcc.a:) .text*)
 .text          0x0000000010000288       0x98 /usr/lib/gcc/arm-none-eabi/10.3.1/thumb/v6-m/nofp/crtbegin.o
 .text.setup_pwm
                0x0000000010000320       0x78 CMakeFiles/pico-temp-fan.dir/main.c.obj
                0x0000000010000320                setup_pwm
 .text.setup_hd44780_lcd
                0x0000000010000398       0x40 CMakeFiles/pico-temp-fan.dir/main.c.obj
                0x0000000010000398                setup_hd44780_lcd
 .text.startup.main
                0x00000000100003d8      0x250 CMakeFiles/pico-temp-fan.dir/main.c.obj
                0x00000000100003d8                main
 .text.gpio_set_function
                0x0000000010000628       0x34 CMakeFiles/pico-temp-fan.dir/home/nyereres/pico/pico-sdk/src/rp2_common/hardware_gpio/gpio.c.obj
                0x0000000010000628                gpio_set_function
 .text.gpio_set_pulls
                0x000000001000065c       0x34 CMakeFiles/pico-temp-fan.dir/home/nyereres/pico/pico-sdk/src/rp2_common/hardware_gpio/gpio.c.obj
                0x000000001000065c                gpio_set_pulls
 .text.gpio_init
                0x0000000010000690       0x40 CMakeFiles/pico-temp-fan.dir/home/nyereres/pico/pico-sdk/src/rp2_common/hardware_gpio/gpio.c.obj
                0x0000000010000690                gpio_init
 .text.rp2040_chip_version
                0x00000000100006d0        0xc CMakeFiles/pico-temp-fan.dir/home/nyereres/pico/pico-sdk/src/rp2040/pico_platform/platform.c.obj
                0x00000000100006d0                rp2040_chip_version
 .text.panic    0x00000000100006dc       0x30 CMakeFiles/pico-temp-fan.dir/home/nyereres/pico/pico-sdk/src/rp2_common/pico_platform_panic/panic.c.obj
                0x00000000100006dc                panic
 .text.hw_claim_lock
                0x000000001000070c       0x18 CMakeFiles/pico-temp-fan.dir/home/nyereres/pico/pico-sdk/src/common/hardware_claim/claim.c.obj
                0x000000001000070c                hw_claim_lock
 .text.hw_claim_unlock
                0x0000000010000724       0x14 CMakeFiles/pico-temp-fan.dir/home/nyereres/pico/pico-sdk/src/common/hardware_claim/claim.c.obj
                0x0000000010000724                hw_claim_unlock
 .text.hw_claim_or_assert
                0x0000000010000738       0x44 CMakeFiles/pico-temp-fan.dir/home/nyereres/pico/pico-sdk/src/common/hardware_claim/claim.c.obj
                0x0000000010000738                hw_claim_or_assert
 .text.hw_claim_unused_from_range
                0x000000001000077c       0x9c CMakeFiles/pico-temp-fan.dir/home/nyereres/pico/pico-sdk/src/common/hardware_claim/claim.c.obj
                0x000000001000077c                hw_claim_unused_from_range
 .text.next_striped_spin_lock_num
                0x0000000010000818       0x18 CMakeFiles/pico-temp-fan.dir/home/nyereres/pico/pico-sdk/src/rp2_common/hardware_sync/sync.c.obj
                0x0000000010000818                next_striped_spin_lock_num
 .text.spin_lock_claim_unused
                0x0000000010000830       0x20 CMakeFiles/pico-temp-fan.dir/home/nyereres/pico/pico-sdk/src/rp2_common/hardware_sync/sync.c.obj
                0x0000000010000830                spin_lock_claim_unused
 .text.spin_locks_reset
                0x0000000010000850       0x1c CMakeFiles/pico-temp-fan.dir/home/nyereres/pico/pico-sdk/src/rp2_common/hardware_sync_spin_lock/sync_spin_lock.c.obj
                0x0000000010000850                spin_locks_reset
 .text.runtime_init_per_core_irq_priorities
                0x000000001000086c       0x24 CMakeFiles/pico-temp-fan.dir/home/nyereres/pico/pico-sdk/src/rp2_common/hardware_irq/irq.c.obj
                0x000000001000086c                runtime_init_per_core_irq_priorities
 .text.irq_set_enabled
                0x0000000010000890       0x24 CMakeFiles/pico-temp-fan.dir/home/nyereres/pico/pico-sdk/src/rp2_common/hardware_irq/irq.c.obj
                0x0000000010000890                irq_set_enabled
 .text.irq_is_enabled
                0x00000000100008b4       0x18 CMakeFiles/pico-temp-fan.dir/home/nyereres/pico/pico-sdk/src/rp2_common/hardware_irq/irq.c.obj
                0x00000000100008b4                irq_is_enabled
 .text.irq_set_pending
                0x00000000100008cc       0x10 CMakeFiles/pico-temp-fan.dir/home/nyereres/pico/pico-sdk/src/rp2_common/hardware_irq/irq.c.obj
                0x00000000100008cc                irq_set_pending
 .text.irq_has_shared_handler
                0x00000000100008dc       0x2c CMakeFiles/pico-temp-fan.dir/home/nyereres/pico/pico-sdk/src/rp2_common/hardware_irq/irq.c.obj
                0x00000000100008dc                irq_has_shared_handler
 .text.irq_set_exclusive_handler
                0x0000000010000908       0x54 CMakeFiles/pico-temp-fan.dir/home/nyereres/pico/pico-sdk/src/rp2_common/hardware_irq/irq.c.obj
                0x0000000010000908                irq_set_exclusive_handler
 .text.irq_add_shared_handler
                0x000000001000095c      0x1e8 CMakeFiles/pico-temp-fan.dir/home/nyereres/pico/pico-sdk/src/rp2_common/hardware_irq/irq.c.obj
                0x000000001000095c                irq_add_shared_handler
 .text.irq_add_tail_to_free_list
                0x0000000010000b44       0xb4 CMakeFiles/pico-temp-fan.dir/home/nyereres/pico/pico-sdk/src/rp2_common/hardware_irq/irq.c.obj
                0x0000000010000b44                irq_add_tail_to_free_list
 .text.user_irq_claim_unused
                0x0000000010000bf8       0x28 CMakeFiles/pico-temp-fan.dir/home/nyereres/pico/pico-sdk/src/rp2_common/hardware_irq/irq.c.obj
                0x0000000010000bf8                user_irq_claim_unused
 .text.lock_init
                0x0000000010000c20       0x10 CMakeFiles/pico-temp-fan.dir/home/nyereres/pico/pico-sdk/src/common/pico_sync/lock_core.c.obj
                0x0000000010000c20                lock_init
 .text.runtime_init_mutex
                0x0000000010000c30       0x58 CMakeFiles/pico-temp-fan.dir/home/nyereres/pico/pico-sdk/src/common/pico_sync/mutex.c.obj
                0x0000000010000c30                runtime_init_mutex
 .text.mutex_init
                0x0000000010000c88       0x1c CMakeFiles/pico-temp-fan.dir/home/nyereres/pico/pico-sdk/src/common/pico_sync/mutex.c.obj
                0x0000000010000c88                mutex_init
 .text.critical_section_init
                0x0000000010000ca4       0x20 CMakeFiles/pico-temp-fan.dir/home/nyereres/pico/pico-sdk/src/common/pico_sync/critical_section.c.obj
                0x0000000010000ca4                critical_section_init
 .text.critical_section_init_with_lock_num
                0x0000000010000cc4       0x14 CMakeFiles/pico-temp-fan.dir/home/nyereres/pico/pico-sdk/src/common/pico_sync/critical_section.c.obj
                0x0000000010000cc4                critical_section_init_with_lock_num
 .text.sleep_until_callback
                0x0000000010000cd8       0x30 CMakeFiles/pico-temp-fan.dir/home/nyereres/pico/pico-sdk/src/common/pico_time/time.c.obj
 .text.alarm_pool_irq_handler
                0x0000000010000d08      0x2e4 CMakeFiles/pico-temp-fan.dir/home/nyereres/pico/pico-sdk/src/common/pico_time/time.c.obj
 .text.runtime_init_default_alarm_pool
                0x0000000010000fec       0xdc CMakeFiles/pico-temp-fan.dir/home/nyereres/pico/pico-sdk/src/common/pico_time/time.c.obj
                0x0000000010000fec                runtime_init_default_alarm_pool
 .text.alarm_pool_get_default
                0x00000000100010c8        0x8 CMakeFiles/pico-temp-fan.dir/home/nyereres/pico/pico-sdk/src/common/pico_time/time.c.obj
                0x00000000100010c8                alarm_pool_get_default
 .text.alarm_pool_add_alarm_at
                0x00000000100010d0       0xc8 CMakeFiles/pico-temp-fan.dir/home/nyereres/pico/pico-sdk/src/common/pico_time/time.c.obj
                0x00000000100010d0                alarm_pool_add_alarm_at
 .text.alarm_pool_add_alarm_at_force_in_context
                0x0000000010001198       0xb0 CMakeFiles/pico-temp-fan.dir/home/nyereres/pico/pico-sdk/src/common/pico_time/time.c.obj
                0x0000000010001198                alarm_pool_add_alarm_at_force_in_context
 .text.alarm_pool_cancel_alarm
                0x0000000010001248       0x7c CMakeFiles/pico-temp-fan.dir/home/nyereres/pico/pico-sdk/src/common/pico_time/time.c.obj
                0x0000000010001248                alarm_pool_cancel_alarm
 .text.alarm_pool_core_num
                0x00000000100012c4        0x4 CMakeFiles/pico-temp-fan.dir/home/nyereres/pico/pico-sdk/src/common/pico_time/time.c.obj
                0x00000000100012c4                alarm_pool_core_num
 .text.sleep_until
                0x00000000100012c8       0xd0 CMakeFiles/pico-temp-fan.dir/home/nyereres/pico/pico-sdk/src/common/pico_time/time.c.obj
                0x00000000100012c8                sleep_until
 .text.sleep_us
                0x0000000010001398       0x24 CMakeFiles/pico-temp-fan.dir/home/nyereres/pico/pico-sdk/src/common/pico_time/time.c.obj
                0x0000000010001398                sleep_us
 .text.sleep_ms
                0x00000000100013bc       0x34 CMakeFiles/pico-temp-fan.dir/home/nyereres/pico/pico-sdk/src/common/pico_time/time.c.obj
                0x00000000100013bc                sleep_ms
 .text.best_effort_wfe_or_timeout
                0x00000000100013f0      0x11c CMakeFiles/pico-temp-fan.dir/home/nyereres/pico/pico-sdk/src/common/pico_time/time.c.obj
                0x00000000100013f0                best_effort_wfe_or_timeout
 .text.timer_hardware_alarm_claim
                0x000000001000150c       0x14 CMakeFiles/pico-temp-fan.dir/home/nyereres/pico/pico-sdk/src/rp2_common/hardware_timer/timer.c.obj
                0x000000001000150c                timer_hardware_alarm_claim
 .text.timer_time_us_64
                0x0000000010001520       0x10 CMakeFiles/pico-temp-fan.dir/home/nyereres/pico/pico-sdk/src/rp2_common/hardware_timer/timer.c.obj
                0x0000000010001520                timer_time_us_64
 .text.time_us_64
                0x0000000010001530       0x14 CMakeFiles/pico-temp-fan.dir/home/nyereres/pico/pico-sdk/src/rp2_common/hardware_timer/timer.c.obj
                0x0000000010001530                time_us_64
 .text.busy_wait_until
                0x0000000010001544       0x20 CMakeFiles/pico-temp-fan.dir/home/nyereres/pico/pico-sdk/src/rp2_common/hardware_timer/timer.c.obj
                0x0000000010001544                busy_wait_until
 .text.clock_configure_int_divider
                0x0000000010001564       0xf4 CMakeFiles/pico-temp-fan.dir/home/nyereres/pico/pico-sdk/src/rp2_common/hardware_clocks/clocks.c.obj
                0x0000000010001564                clock_configure_int_divider
 .text.clock_configure_undivided
                0x0000000010001658       0xe8 CMakeFiles/pico-temp-fan.dir/home/nyereres/pico/pico-sdk/src/rp2_common/hardware_clocks/clocks.c.obj
                0x0000000010001658                clock_configure_undivided
 .text.clock_get_hz
                0x0000000010001740        0xc CMakeFiles/pico-temp-fan.dir/home/nyereres/pico/pico-sdk/src/rp2_common/hardware_clocks/clocks.c.obj
                0x0000000010001740                clock_get_hz
 .text.pll_init
                0x000000001000174c       0xa0 CMakeFiles/pico-temp-fan.dir/home/nyereres/pico/pico-sdk/src/rp2_common/hardware_pll/pll.c.obj
                0x000000001000174c                pll_init
 .text.watchdog_reboot
                0x00000000100017ec       0x98 CMakeFiles/pico-temp-fan.dir/home/nyereres/pico/pico-sdk/src/rp2_common/hardware_watchdog/watchdog.c.obj
                0x00000000100017ec                watchdog_reboot
 .text.tick_start
                0x0000000010001884       0x10 CMakeFiles/pico-temp-fan.dir/home/nyereres/pico/pico-sdk/src/rp2_common/hardware_ticks/ticks.c.obj
                0x0000000010001884                tick_start
 .text.xosc_init
                0x0000000010001894       0x28 CMakeFiles/pico-temp-fan.dir/home/nyereres/pico/pico-sdk/src/rp2_common/hardware_xosc/xosc.c.obj
                0x0000000010001894                xosc_init
 .text.first_per_core_initializer
                0x00000000100018bc        0x4 CMakeFiles/pico-temp-fan.dir/home/nyereres/pico/pico-sdk/src/rp2_common/pico_runtime/runtime.c.obj
 .text.hard_assertion_failure
                0x00000000100018c0        0xc CMakeFiles/pico-temp-fan.dir/home/nyereres/pico/pico-sdk/src/rp2_common/pico_runtime/runtime.c.obj
                0x00000000100018c0                hard_assertion_failure
 .text.runtime_run_initializers
                0x00000000100018cc       0x28 CMakeFiles/pico-temp-fan.dir/home/nyereres/pico/pico-sdk/src/rp2_common/pico_runtime/runtime.c.obj
                0x00000000100018cc                runtime_run_initializers
 .text.runtime_init_early_resets
                0x00000000100018f4       0x2c CMakeFiles/pico-temp-fan.dir/home/nyereres/pico/pico-sdk/src/rp2_common/pico_runtime_init/runtime_init.c.obj
                0x00000000100018f4                runtime_init_early_resets
 .text.runtime_init_usb_power_down
                0x0000000010001920       0x1c CMakeFiles/pico-temp-fan.dir/home/nyereres/pico/pico-sdk/src/rp2_common/pico_runtime_init/runtime_init.c.obj
                0x0000000010001920                runtime_init_usb_power_down
 .text.runtime_init_post_clock_resets
                0x000000001000193c       0x20 CMakeFiles/pico-temp-fan.dir/home/nyereres/pico/pico-sdk/src/rp2_common/pico_runtime_init/runtime_init.c.obj
                0x000000001000193c                runtime_init_post_clock_resets
 .text.runtime_init_rp2040_gpio_ie_disable
                0x000000001000195c       0x14 CMakeFiles/pico-temp-fan.dir/home/nyereres/pico/pico-sdk/src/rp2_common/pico_runtime_init/runtime_init.c.obj
                0x000000001000195c                runtime_init_rp2040_gpio_ie_disable
 .text.runtime_init_spin_locks_reset
                0x0000000010001970        0x8 CMakeFiles/pico-temp-fan.dir/home/nyereres/pico/pico-sdk/src/rp2_common/pico_runtime_init/runtime_init.c.obj
                0x0000000010001970                runtime_init_spin_locks_reset
 .text.runtime_init_install_ram_vector_table
                0x0000000010001978       0x1c CMakeFiles/pico-temp-fan.dir/home/nyereres/pico/pico-sdk/src/rp2_common/pico_runtime_init/runtime_init.c.obj
                0x0000000010001978                runtime_init_install_ram_vector_table
 .text.runtime_init_clocks
                0x0000000010001994       0xd8 CMakeFiles/pico-temp-fan.dir/home/nyereres/pico/pico-sdk/src/rp2_common/pico_runtime_init/runtime_init_clocks.c.obj
                0x0000000010001994                runtime_init_clocks
 .text          0x0000000010001a6c       0x10 CMakeFiles/pico-temp-fan.dir/home/nyereres/pico/pico-sdk/src/rp2_common/pico_bit_ops/bit_ops_aeabi.S.obj
 .text.rom_func_lookup
                0x0000000010001a7c       0x10 CMakeFiles/pico-temp-fan.dir/home/nyereres/pico/pico-sdk/src/rp2_common/pico_bootrom/bootrom.c.obj
                0x0000000010001a7c                rom_func_lookup
 .text.rom_data_lookup
                0x0000000010001a8c       0x10 CMakeFiles/pico-temp-fan.dir/home/nyereres/pico/pico-sdk/src/rp2_common/pico_bootrom/bootrom.c.obj
                0x0000000010001a8c                rom_data_lookup
 .text.rom_funcs_lookup
                0x0000000010001a9c       0x44 CMakeFiles/pico-temp-fan.dir/home/nyereres/pico/pico-sdk/src/rp2_common/pico_bootrom/bootrom.c.obj
                0x0000000010001a9c                rom_funcs_lookup
 .text.rom_reset_usb_boot
                0x0000000010001ae0       0x20 CMakeFiles/pico-temp-fan.dir/home/nyereres/pico/pico-sdk/src/rp2_common/pico_bootrom/bootrom.c.obj
                0x0000000010001ae0                rom_reset_usb_boot
 .text.__wrap___aeabi_idiv
                0x0000000010001b00       0x50 CMakeFiles/pico-temp-fan.dir/home/nyereres/pico/pico-sdk/src/rp2_common/pico_divider/divider_hardware.S.obj
                0x0000000010001b00                __wrap___aeabi_idivmod
                0x0000000010001b00                divmod_s32s32
                0x0000000010001b00                div_s32s32
                0x0000000010001b00                __wrap___aeabi_idiv
                0x0000000010001b08                divmod_s32s32_unsafe
                0x0000000010001b34                divmod_s32s32_savestate
 .text.__wrap___aeabi_uidiv
                0x0000000010001b50       0x4c CMakeFiles/pico-temp-fan.dir/home/nyereres/pico/pico-sdk/src/rp2_common/pico_divider/divider_hardware.S.obj
                0x0000000010001b50                __wrap___aeabi_uidiv
                0x0000000010001b50                __wrap___aeabi_uidivmod
                0x0000000010001b50                div_u32u32
                0x0000000010001b50                divmod_u32u32
                0x0000000010001b58                divmod_u32u32_unsafe
                0x0000000010001b80                divmod_u32u32_savestate
 .text.__wrap___aeabi_ldiv
                0x0000000010001b9c      0x424 CMakeFiles/pico-temp-fan.dir/home/nyereres/pico/pico-sdk/src/rp2_common/pico_divider/divider_hardware.S.obj
                0x0000000010001b9c                div_s64s64
                0x0000000010001b9c                divmod_s64s64
                0x0000000010001b9c                __wrap___aeabi_ldivmod
                0x0000000010001bcc                div_u64u64
                0x0000000010001bcc                divmod_u64u64
                0x0000000010001bcc                __wrap___aeabi_uldivmod
                0x0000000010001bdc                divmod_u64u64_savestate
                0x0000000010001bfc                divmod_s64s64_unsafe
                0x0000000010001c84                divmod_u64u64_unsafe
 .text.__wrap___aeabi_darithmetic
                0x0000000010001fc0       0x60 CMakeFiles/pico-temp-fan.dir/home/nyereres/pico/pico-sdk/src/rp2_common/pico_double/double_aeabi_rp2040.S.obj
                0x0000000010001fc0                __wrap___aeabi_drsub
                0x0000000010001fc6                __wrap___aeabi_dsub
                0x0000000010001fd0                __wrap___aeabi_dadd
                0x0000000010001fda                __wrap___aeabi_ddiv
                0x000000001000200e                __wrap___aeabi_dmul
 .text.__wrap___aeabi_cdcmple
                0x0000000010002020       0x6c CMakeFiles/pico-temp-fan.dir/home/nyereres/pico/pico-sdk/src/rp2_common/pico_double/double_aeabi_rp2040.S.obj
                0x0000000010002020                __wrap___aeabi_cdrcmple
                0x0000000010002030                __wrap___aeabi_cdcmple
                0x0000000010002030                __wrap___aeabi_cdcmpeq
 .text.__wrap___aeabi_dcmplt
                0x000000001000208c        0xc CMakeFiles/pico-temp-fan.dir/home/nyereres/pico/pico-sdk/src/rp2_common/pico_double/double_aeabi_rp2040.S.obj
                0x000000001000208c                __wrap___aeabi_dcmplt
 .text.__wrap___aeabi_dcmple
                0x0000000010002098       0x10 CMakeFiles/pico-temp-fan.dir/home/nyereres/pico/pico-sdk/src/rp2_common/pico_double/double_aeabi_rp2040.S.obj
                0x0000000010002098                __wrap___aeabi_dcmple
 .text.__wrap___aeabi_dcmpge
                0x00000000100020a8       0x10 CMakeFiles/pico-temp-fan.dir/home/nyereres/pico/pico-sdk/src/rp2_common/pico_double/double_aeabi_rp2040.S.obj
                0x00000000100020a8                __wrap___aeabi_dcmpge
 .text.__wrap___aeabi_dcmpgt
                0x00000000100020b8        0xa CMakeFiles/pico-temp-fan.dir/home/nyereres/pico/pico-sdk/src/rp2_common/pico_double/double_aeabi_rp2040.S.obj
                0x00000000100020b8                __wrap___aeabi_dcmpgt
 .text.__wrap___aeabi_dcmpun
                0x00000000100020c2       0x18 CMakeFiles/pico-temp-fan.dir/home/nyereres/pico/pico-sdk/src/rp2_common/pico_double/double_aeabi_rp2040.S.obj
                0x00000000100020c2                __wrap___aeabi_dcmpun
 *fill*         0x00000000100020da        0x2 
 .text.__wrap___aeabi_i2d
                0x00000000100020dc       0x38 CMakeFiles/pico-temp-fan.dir/home/nyereres/pico/pico-sdk/src/rp2_common/pico_double/double_aeabi_rp2040.S.obj
                0x00000000100020dc                __wrap___aeabi_ui2d
                0x00000000100020e4                __wrap___aeabi_i2d
 .text.__wrap___aeabi_d2iz
                0x0000000010002114       0x48 CMakeFiles/pico-temp-fan.dir/home/nyereres/pico/pico-sdk/src/rp2_common/pico_double/double_aeabi_rp2040.S.obj
                0x0000000010002114                __wrap___aeabi_d2iz
                0x0000000010002114                double2int_z
 .text.__wrap___aeabi_d2uiz
                0x000000001000215c       0x10 CMakeFiles/pico-temp-fan.dir/home/nyereres/pico/pico-sdk/src/rp2_common/pico_double/double_aeabi_rp2040.S.obj
                0x000000001000215c                double2uint
                0x000000001000215c                __wrap___aeabi_d2uiz
 .text.missing_double_func_shim
                0x000000001000216c        0xc CMakeFiles/pico-temp-fan.dir/home/nyereres/pico/pico-sdk/src/rp2_common/pico_double/double_init_rom_rp2040.c.obj
 .text.__aeabi_double_init
                0x0000000010002178       0xa4 CMakeFiles/pico-temp-fan.dir/home/nyereres/pico/pico-sdk/src/rp2_common/pico_double/double_init_rom_rp2040.c.obj
                0x0000000010002178                __aeabi_double_init
 .text.double_table_shim_on_use_helper
                0x000000001000221c       0x2c CMakeFiles/pico-temp-fan.dir/home/nyereres/pico/pico-sdk/src/rp2_common/pico_double/double_v1_rom_shim_rp2040.S.obj
                0x000000001000221c                double_table_shim_on_use_helper
 .text.__aeabi_lmul
                0x0000000010002248       0x32 CMakeFiles/pico-temp-fan.dir/home/nyereres/pico/pico-sdk/src/rp2_common/pico_int64_ops/pico_int64_ops_aeabi.S.obj
                0x0000000010002248                __wrap___aeabi_lmul
 *fill*         0x000000001000227a        0x2 
 .text.__wrap___aeabi_farithmetic
                0x000000001000227c       0x48 CMakeFiles/pico-temp-fan.dir/home/nyereres/pico/pico-sdk/src/rp2_common/pico_float/float_aeabi_rp2040.S.obj
                0x000000001000227c                __wrap___aeabi_frsub
                0x0000000010002282                __wrap___aeabi_fsub
                0x0000000010002288                __wrap___aeabi_fadd
                0x000000001000228e                __wrap___aeabi_fdiv
                0x00000000100022b6                __wrap___aeabi_fmul
 .text.__wrap___aeabi_cfcmple
                0x00000000100022c4       0x50 CMakeFiles/pico-temp-fan.dir/home/nyereres/pico/pico-sdk/src/rp2_common/pico_float/float_aeabi_rp2040.S.obj
                0x00000000100022c4                __wrap___aeabi_cfrcmple
                0x00000000100022d0                __wrap___aeabi_cfcmpeq
                0x00000000100022d0                __wrap___aeabi_cfcmple
 .text.__wrap___aeabi_fcmplt
                0x0000000010002314        0xc CMakeFiles/pico-temp-fan.dir/home/nyereres/pico/pico-sdk/src/rp2_common/pico_float/float_aeabi_rp2040.S.obj
                0x0000000010002314                __wrap___aeabi_fcmplt
 .text.__wrap___aeabi_fcmpgt
                0x0000000010002320        0xa CMakeFiles/pico-temp-fan.dir/home/nyereres/pico/pico-sdk/src/rp2_common/pico_float/float_aeabi_rp2040.S.obj
                0x0000000010002320                __wrap___aeabi_fcmpgt
 .text.__wrap___aeabi_ui2f
                0x000000001000232a        0xa CMakeFiles/pico-temp-fan.dir/home/nyereres/pico/pico-sdk/src/rp2_common/pico_float/float_aeabi_rp2040.S.obj
                0x000000001000232a                uint2float
                0x000000001000232a                __wrap___aeabi_ui2f
 .text.__wrap___aeabi_i2f
                0x0000000010002334       0x44 CMakeFiles/pico-temp-fan.dir/home/nyereres/pico/pico-sdk/src/rp2_common/pico_float/float_aeabi_rp2040.S.obj
                0x0000000010002334                int2float
                0x0000000010002334                __wrap___aeabi_i2f
 .text.__wrap___aeabi_f2uiz
                0x0000000010002378        0xc CMakeFiles/pico-temp-fan.dir/home/nyereres/pico/pico-sdk/src/rp2_common/pico_float/float_aeabi_rp2040.S.obj
                0x0000000010002378                float2uint_z
                0x0000000010002378                __wrap___aeabi_f2uiz
 .text.__wrap___aeabi_f2d
                0x0000000010002384        0xc CMakeFiles/pico-temp-fan.dir/home/nyereres/pico/pico-sdk/src/rp2_common/pico_float/float_aeabi_rp2040.S.obj
                0x0000000010002384                __wrap___aeabi_f2d
 .text.missing_float_func_shim
                0x0000000010002390        0xc CMakeFiles/pico-temp-fan.dir/home/nyereres/pico/pico-sdk/src/rp2_common/pico_float/float_init_rom_rp2040.c.obj
 .text.__aeabi_float_init
                0x000000001000239c       0x5c CMakeFiles/pico-temp-fan.dir/home/nyereres/pico/pico-sdk/src/rp2_common/pico_float/float_init_rom_rp2040.c.obj
                0x000000001000239c                __aeabi_float_init
 .text          0x00000000100023f8       0x10 CMakeFiles/pico-temp-fan.dir/home/nyereres/pico/pico-sdk/src/rp2_common/pico_mem_ops/mem_ops_aeabi.S.obj
                0x00000000100023f8                __aeabi_mem_init
 .text.memset   0x0000000010002408        0xc CMakeFiles/pico-temp-fan.dir/home/nyereres/pico/pico-sdk/src/rp2_common/pico_mem_ops/mem_ops_aeabi.S.obj
                0x0000000010002408                __wrap_memset
 .text.memcpy   0x0000000010002414        0xc CMakeFiles/pico-temp-fan.dir/home/nyereres/pico/pico-sdk/src/rp2_common/pico_mem_ops/mem_ops_aeabi.S.obj
                0x0000000010002414                __wrap___aeabi_memcpy
                0x0000000010002414                __wrap_memcpy
 .text._out_buffer
                0x0000000010002420        0x8 CMakeFiles/pico-temp-fan.dir/home/nyereres/pico/pico-sdk/src/rp2_common/pico_printf/printf.c.obj
 .text._out_null
                0x0000000010002428        0x4 CMakeFiles/pico-temp-fan.dir/home/nyereres/pico/pico-sdk/src/rp2_common/pico_printf/printf.c.obj
 .text._out_rev
                0x000000001000242c       0x9c CMakeFiles/pico-temp-fan.dir/home/nyereres/pico/pico-sdk/src/rp2_common/pico_printf/printf.c.obj
 .text._ntoa_format
                0x00000000100024c8      0x1cc CMakeFiles/pico-temp-fan.dir/home/nyereres/pico/pico-sdk/src/rp2_common/pico_printf/printf.c.obj
 .text._out_char
                0x0000000010002694       0x10 CMakeFiles/pico-temp-fan.dir/home/nyereres/pico/pico-sdk/src/rp2_common/pico_printf/printf.c.obj
 .text._out_fct
                0x00000000100026a4       0x10 CMakeFiles/pico-temp-fan.dir/home/nyereres/pico/pico-sdk/src/rp2_common/pico_printf/printf.c.obj
 .text._etoa    0x00000000100026b4      0x44c CMakeFiles/pico-temp-fan.dir/home/nyereres/pico/pico-sdk/src/rp2_common/pico_printf/printf.c.obj
 .text._ftoa    0x0000000010002b00      0x398 CMakeFiles/pico-temp-fan.dir/home/nyereres/pico/pico-sdk/src/rp2_common/pico_printf/printf.c.obj
 .text._vsnprintf
                0x0000000010002e98      0xb04 CMakeFiles/pico-temp-fan.dir/home/nyereres/pico/pico-sdk/src/rp2_common/pico_printf/printf.c.obj
 .text.__wrap_snprintf
                0x000000001000399c       0x28 CMakeFiles/pico-temp-fan.dir/home/nyereres/pico/pico-sdk/src/rp2_common/pico_printf/printf.c.obj
                0x000000001000399c                __wrap_snprintf
 .text.vfctprintf
                0x00000000100039c4       0x20 CMakeFiles/pico-temp-fan.dir/home/nyereres/pico/pico-sdk/src/rp2_common/pico_printf/printf.c.obj
                0x00000000100039c4                vfctprintf
 .text.weak_raw_vprintf
                0x00000000100039e4       0x30 CMakeFiles/pico-temp-fan.dir/home/nyereres/pico/pico-sdk/src/rp2_common/pico_printf/printf.c.obj
                0x00000000100039e4                weak_raw_vprintf
 .text._exit    0x0000000010003a14        0x4 CMakeFiles/pico-temp-fan.dir/home/nyereres/pico/pico-sdk/src/rp2_common/pico_clib_interface/newlib_interface.c.obj
                0x0000000010003a14                _exit
 .text.exit     0x0000000010003a18        0x8 CMakeFiles/pico-temp-fan.dir/home/nyereres/pico/pico-sdk/src/rp2_common/pico_clib_interface/newlib_interface.c.obj
                0x0000000010003a18                exit
 .text.runtime_init
                0x0000000010003a20       0x2c CMakeFiles/pico-temp-fan.dir/home/nyereres/pico/pico-sdk/src/rp2_common/pico_clib_interface/newlib_interface.c.obj
                0x0000000010003a20                runtime_init
 .text.stdio_out_chars_no_crlf
                0x0000000010003a4c       0x10 CMakeFiles/pico-temp-fan.dir/home/nyereres/pico/pico-sdk/src/rp2_common/pico_stdio/stdio.c.obj
 .text.stdio_out_chars_crlf
                0x0000000010003a5c       0xb4 CMakeFiles/pico-temp-fan.dir/home/nyereres/pico/pico-sdk/src/rp2_common/pico_stdio/stdio.c.obj
 .text.stdio_buffered_printer
                0x0000000010003b10       0x64 CMakeFiles/pico-temp-fan.dir/home/nyereres/pico/pico-sdk/src/rp2_common/pico_stdio/stdio.c.obj
 .text.stdio_put_string
                0x0000000010003b74      0x100 CMakeFiles/pico-temp-fan.dir/home/nyereres/pico/pico-sdk/src/rp2_common/pico_stdio/stdio.c.obj
                0x0000000010003b74                stdio_put_string
 .text.stdio_set_driver_enabled
                0x0000000010003c74       0x30 CMakeFiles/pico-temp-fan.dir/home/nyereres/pico/pico-sdk/src/rp2_common/pico_stdio/stdio.c.obj
                0x0000000010003c74                stdio_set_driver_enabled
 .text.stdio_init_all
                0x0000000010003ca4        0x8 CMakeFiles/pico-temp-fan.dir/home/nyereres/pico/pico-sdk/src/rp2_common/pico_stdio/stdio.c.obj
                0x0000000010003ca4                stdio_init_all
 .text.__wrap_putchar
                0x0000000010003cac       0x98 CMakeFiles/pico-temp-fan.dir/home/nyereres/pico/pico-sdk/src/rp2_common/pico_stdio/stdio.c.obj
                0x0000000010003cac                stdio_putchar
                0x0000000010003cac                __wrap_putchar
 .text.__wrap_puts
                0x0000000010003d44       0x3c CMakeFiles/pico-temp-fan.dir/home/nyereres/pico/pico-sdk/src/rp2_common/pico_stdio/stdio.c.obj
                0x0000000010003d44                __wrap_puts
                0x0000000010003d44                stdio_puts
 .text.__wrap_vprintf
                0x0000000010003d80       0xd8 CMakeFiles/pico-temp-fan.dir/home/nyereres/pico/pico-sdk/src/rp2_common/pico_stdio/stdio.c.obj
                0x0000000010003d80                __wrap_vprintf
                0x0000000010003d80                stdio_vprintf
 .text.__wrap_printf
                0x0000000010003e58       0x18 CMakeFiles/pico-temp-fan.dir/home/nyereres/pico/pico-sdk/src/rp2_common/pico_stdio/stdio.c.obj
                0x0000000010003e58                stdio_printf
                0x0000000010003e58                __wrap_printf
 .text.resetd_init
                0x0000000010003e70        0x4 CMakeFiles/pico-temp-fan.dir/home/nyereres/pico/pico-sdk/src/rp2_common/pico_stdio_usb/reset_interface.c.obj
 .text.resetd_reset
                0x0000000010003e74        0xc CMakeFiles/pico-temp-fan.dir/home/nyereres/pico/pico-sdk/src/rp2_common/pico_stdio_usb/reset_interface.c.obj
 .text.resetd_open
                0x0000000010003e80       0x28 CMakeFiles/pico-temp-fan.dir/home/nyereres/pico/pico-sdk/src/rp2_common/pico_stdio_usb/reset_interface.c.obj
 .text.resetd_xfer_cb
                0x0000000010003ea8        0x4 CMakeFiles/pico-temp-fan.dir/home/nyereres/pico/pico-sdk/src/rp2_common/pico_stdio_usb/reset_interface.c.obj
 .text.resetd_control_xfer_cb
                0x0000000010003eac       0x54 CMakeFiles/pico-temp-fan.dir/home/nyereres/pico/pico-sdk/src/rp2_common/pico_stdio_usb/reset_interface.c.obj
 .text.tud_descriptor_bos_cb
                0x0000000010003f00        0x8 CMakeFiles/pico-temp-fan.dir/home/nyereres/pico/pico-sdk/src/rp2_common/pico_stdio_usb/reset_interface.c.obj
                0x0000000010003f00                tud_descriptor_bos_cb
 .text.tud_vendor_control_xfer_cb
                0x0000000010003f08       0x34 CMakeFiles/pico-temp-fan.dir/home/nyereres/pico/pico-sdk/src/rp2_common/pico_stdio_usb/reset_interface.c.obj
                0x0000000010003f08                tud_vendor_control_xfer_cb
 .text.usbd_app_driver_get_cb
                0x0000000010003f3c        0xc CMakeFiles/pico-temp-fan.dir/home/nyereres/pico/pico-sdk/src/rp2_common/pico_stdio_usb/reset_interface.c.obj
                0x0000000010003f3c                usbd_app_driver_get_cb
 .text.tud_cdc_line_coding_cb
                0x0000000010003f48       0x28 CMakeFiles/pico-temp-fan.dir/home/nyereres/pico/pico-sdk/src/rp2_common/pico_stdio_usb/reset_interface.c.obj
                0x0000000010003f48                tud_cdc_line_coding_cb
 .text.stdio_usb_set_chars_available_callback
                0x0000000010003f70       0x14 CMakeFiles/pico-temp-fan.dir/home/nyereres/pico/pico-sdk/src/rp2_common/pico_stdio_usb/stdio_usb.c.obj
                0x0000000010003f70                stdio_usb_set_chars_available_callback
 .text.usb_irq  0x0000000010003f84       0x10 CMakeFiles/pico-temp-fan.dir/home/nyereres/pico/pico-sdk/src/rp2_common/pico_stdio_usb/stdio_usb.c.obj
 .text.timer_task
                0x0000000010003f94       0x64 CMakeFiles/pico-temp-fan.dir/home/nyereres/pico/pico-sdk/src/rp2_common/pico_stdio_usb/stdio_usb.c.obj
 .text.stdio_usb_in_chars
                0x0000000010003ff8       0x90 CMakeFiles/pico-temp-fan.dir/home/nyereres/pico/pico-sdk/src/rp2_common/pico_stdio_usb/stdio_usb.c.obj
                0x0000000010003ff8                stdio_usb_in_chars
 .text.stdio_usb_out_flush
                0x0000000010004088       0x50 CMakeFiles/pico-temp-fan.dir/home/nyereres/pico/pico-sdk/src/rp2_common/pico_stdio_usb/stdio_usb.c.obj
 .text.stdio_usb_out_chars
                0x00000000100040d8      0x100 CMakeFiles/pico-temp-fan.dir/home/nyereres/pico/pico-sdk/src/rp2_common/pico_stdio_usb/stdio_usb.c.obj
 .text.low_priority_worker_irq
                0x00000000100041d8       0xc8 CMakeFiles/pico-temp-fan.dir/home/nyereres/pico/pico-sdk/src/rp2_common/pico_stdio_usb/stdio_usb.c.obj
 .text.stdio_usb_init
                0x00000000100042a0       0xe4 CMakeFiles/pico-temp-fan.dir/home/nyereres/pico/pico-sdk/src/rp2_common/pico_stdio_usb/stdio_usb.c.obj
                0x00000000100042a0                stdio_usb_init
 .text.tud_descriptor_device_cb
                0x0000000010004384        0x8 CMakeFiles/pico-temp-fan.dir/home/nyereres/pico/pico-sdk/src/rp2_common/pico_stdio_usb/stdio_usb_descriptors.c.obj
                0x0000000010004384                tud_descriptor_device_cb
 .text.tud_descriptor_configuration_cb
                0x000000001000438c        0x8 CMakeFiles/pico-temp-fan.dir/home/nyereres/pico/pico-sdk/src/rp2_common/pico_stdio_usb/stdio_usb_descriptors.c.obj
                0x000000001000438c                tud_descriptor_configuration_cb
 .text.tud_descriptor_string_cb
                0x0000000010004394       0x74 CMakeFiles/pico-temp-fan.dir/home/nyereres/pico/pico-sdk/src/rp2_common/pico_stdio_usb/stdio_usb_descriptors.c.obj
                0x0000000010004394                tud_descriptor_string_cb
 .text.startup._retrieve_unique_id_on_boot
                0x0000000010004408       0x10 CMakeFiles/pico-temp-fan.dir/home/nyereres/pico/pico-sdk/src/rp2_common/pico_unique_id/unique_id.c.obj
 .text.pico_get_unique_board_id_string
                0x0000000010004418      0x1a8 CMakeFiles/pico-temp-fan.dir/home/nyereres/pico/pico-sdk/src/rp2_common/pico_unique_id/unique_id.c.obj
                0x0000000010004418                pico_get_unique_board_id_string
 .text.flash_get_unique_id
                0x00000000100045c0       0x40 CMakeFiles/pico-temp-fan.dir/home/nyereres/pico/pico-sdk/src/rp2_common/hardware_flash/flash.c.obj
                0x00000000100045c0                flash_get_unique_id
 .text.dcd_init
                0x0000000010004600       0x8c CMakeFiles/pico-temp-fan.dir/home/nyereres/pico/pico-sdk/lib/tinyusb/src/portable/raspberrypi/rp2040/dcd_rp2040.c.obj
                0x0000000010004600                dcd_init
 .text.dcd_int_enable
                0x000000001000468c        0xc CMakeFiles/pico-temp-fan.dir/home/nyereres/pico/pico-sdk/lib/tinyusb/src/portable/raspberrypi/rp2040/dcd_rp2040.c.obj
                0x000000001000468c                dcd_int_enable
 .text.dcd_set_address
                0x0000000010004698       0x14 CMakeFiles/pico-temp-fan.dir/home/nyereres/pico/pico-sdk/lib/tinyusb/src/portable/raspberrypi/rp2040/dcd_rp2040.c.obj
                0x0000000010004698                dcd_set_address
 .text.dcd_sof_enable
                0x00000000100046ac       0x1c CMakeFiles/pico-temp-fan.dir/home/nyereres/pico/pico-sdk/lib/tinyusb/src/portable/raspberrypi/rp2040/dcd_rp2040.c.obj
                0x00000000100046ac                dcd_sof_enable
 .text.dcd_edpt0_status_complete
                0x00000000100046c8       0x1c CMakeFiles/pico-temp-fan.dir/home/nyereres/pico/pico-sdk/lib/tinyusb/src/portable/raspberrypi/rp2040/dcd_rp2040.c.obj
                0x00000000100046c8                dcd_edpt0_status_complete
 .text.dcd_edpt_open
                0x00000000100046e4      0x108 CMakeFiles/pico-temp-fan.dir/home/nyereres/pico/pico-sdk/lib/tinyusb/src/portable/raspberrypi/rp2040/dcd_rp2040.c.obj
                0x00000000100046e4                dcd_edpt_open
 .text.dcd_edpt_close_all
                0x00000000100047ec        0x8 CMakeFiles/pico-temp-fan.dir/home/nyereres/pico/pico-sdk/lib/tinyusb/src/portable/raspberrypi/rp2040/dcd_rp2040.c.obj
                0x00000000100047ec                dcd_edpt_close_all
 .text.dcd_edpt_xfer
                0x00000000100047f4       0x24 CMakeFiles/pico-temp-fan.dir/home/nyereres/pico/pico-sdk/lib/tinyusb/src/portable/raspberrypi/rp2040/dcd_rp2040.c.obj
                0x00000000100047f4                dcd_edpt_xfer
 .text.dcd_edpt_stall
                0x0000000010004818       0x38 CMakeFiles/pico-temp-fan.dir/home/nyereres/pico/pico-sdk/lib/tinyusb/src/portable/raspberrypi/rp2040/dcd_rp2040.c.obj
                0x0000000010004818                dcd_edpt_stall
 .text.dcd_edpt_clear_stall
                0x0000000010004850       0x30 CMakeFiles/pico-temp-fan.dir/home/nyereres/pico/pico-sdk/lib/tinyusb/src/portable/raspberrypi/rp2040/dcd_rp2040.c.obj
                0x0000000010004850                dcd_edpt_clear_stall
 .text.rp2040_usb_init
                0x0000000010004880       0x40 CMakeFiles/pico-temp-fan.dir/home/nyereres/pico/pico-sdk/lib/tinyusb/src/portable/raspberrypi/rp2040/rp2040_usb.c.obj
                0x0000000010004880                rp2040_usb_init
 .text.hw_endpoint_xfer_start
                0x00000000100048c0       0x50 CMakeFiles/pico-temp-fan.dir/home/nyereres/pico/pico-sdk/lib/tinyusb/src/portable/raspberrypi/rp2040/rp2040_usb.c.obj
                0x00000000100048c0                hw_endpoint_xfer_start
 .text.tud_event_hook_cb
                0x0000000010004910        0x4 CMakeFiles/pico-temp-fan.dir/home/nyereres/pico/pico-sdk/lib/tinyusb/src/device/usbd.c.obj
                0x0000000010004910                tud_event_hook_cb
 .text.tud_sof_cb
                0x0000000010004914        0x4 CMakeFiles/pico-temp-fan.dir/home/nyereres/pico/pico-sdk/lib/tinyusb/src/device/usbd.c.obj
                0x0000000010004914                tud_sof_cb
 .text.tud_descriptor_device_qualifier_cb
                0x0000000010004918        0x4 CMakeFiles/pico-temp-fan.dir/home/nyereres/pico/pico-sdk/lib/tinyusb/src/device/usbd.c.obj
                0x0000000010004918                tud_descriptor_device_qualifier_cb
 .text.tud_descriptor_other_speed_configuration_cb
                0x000000001000491c        0x4 CMakeFiles/pico-temp-fan.dir/home/nyereres/pico/pico-sdk/lib/tinyusb/src/device/usbd.c.obj
                0x000000001000491c                tud_descriptor_other_speed_configuration_cb
 .text.tud_mount_cb
                0x0000000010004920        0x4 CMakeFiles/pico-temp-fan.dir/home/nyereres/pico/pico-sdk/lib/tinyusb/src/device/usbd.c.obj
                0x0000000010004920                tud_mount_cb
 .text.tud_umount_cb
                0x0000000010004924        0x4 CMakeFiles/pico-temp-fan.dir/home/nyereres/pico/pico-sdk/lib/tinyusb/src/device/usbd.c.obj
                0x0000000010004924                tud_umount_cb
 .text.tud_suspend_cb
                0x0000000010004928        0x4 CMakeFiles/pico-temp-fan.dir/home/nyereres/pico/pico-sdk/lib/tinyusb/src/device/usbd.c.obj
                0x0000000010004928                tud_suspend_cb
 .text.tud_resume_cb
                0x000000001000492c        0x4 CMakeFiles/pico-temp-fan.dir/home/nyereres/pico/pico-sdk/lib/tinyusb/src/device/usbd.c.obj
                0x000000001000492c                tud_resume_cb
 .text.tud_mounted
                0x0000000010004930       0x10 CMakeFiles/pico-temp-fan.dir/home/nyereres/pico/pico-sdk/lib/tinyusb/src/device/usbd.c.obj
                0x0000000010004930                tud_mounted
 .text.tud_suspended
                0x0000000010004940       0x10 CMakeFiles/pico-temp-fan.dir/home/nyereres/pico/pico-sdk/lib/tinyusb/src/device/usbd.c.obj
                0x0000000010004940                tud_suspended
 .text.tud_init
                0x0000000010004950       0xe4 CMakeFiles/pico-temp-fan.dir/home/nyereres/pico/pico-sdk/lib/tinyusb/src/device/usbd.c.obj
                0x0000000010004950                tud_init
 .text.tud_task_ext
                0x0000000010004a34      0x800 CMakeFiles/pico-temp-fan.dir/home/nyereres/pico/pico-sdk/lib/tinyusb/src/device/usbd.c.obj
                0x0000000010004a34                tud_task_ext
 .text.usbd_open_edpt_pair
                0x0000000010005234       0x9c CMakeFiles/pico-temp-fan.dir/home/nyereres/pico/pico-sdk/lib/tinyusb/src/device/usbd.c.obj
                0x0000000010005234                usbd_open_edpt_pair
 .text.usbd_edpt_open
                0x00000000100052d0       0x34 CMakeFiles/pico-temp-fan.dir/home/nyereres/pico/pico-sdk/lib/tinyusb/src/device/usbd.c.obj
                0x00000000100052d0                usbd_edpt_open
 .text.usbd_edpt_claim
                0x0000000010005304       0x28 CMakeFiles/pico-temp-fan.dir/home/nyereres/pico/pico-sdk/lib/tinyusb/src/device/usbd.c.obj
                0x0000000010005304                usbd_edpt_claim
 .text.usbd_edpt_release
                0x000000001000532c       0x28 CMakeFiles/pico-temp-fan.dir/home/nyereres/pico/pico-sdk/lib/tinyusb/src/device/usbd.c.obj
                0x000000001000532c                usbd_edpt_release
 .text.usbd_edpt_xfer
                0x0000000010005354       0x4c CMakeFiles/pico-temp-fan.dir/home/nyereres/pico/pico-sdk/lib/tinyusb/src/device/usbd.c.obj
                0x0000000010005354                usbd_edpt_xfer
 .text.tud_control_status
                0x00000000100053a0       0x30 CMakeFiles/pico-temp-fan.dir/home/nyereres/pico/pico-sdk/lib/tinyusb/src/device/usbd_control.c.obj
                0x00000000100053a0                tud_control_status
 .text.tud_control_xfer
                0x00000000100053d0       0xbc CMakeFiles/pico-temp-fan.dir/home/nyereres/pico/pico-sdk/lib/tinyusb/src/device/usbd_control.c.obj
                0x00000000100053d0                tud_control_xfer
 .text.usbd_control_reset
                0x000000001000548c       0x14 CMakeFiles/pico-temp-fan.dir/home/nyereres/pico/pico-sdk/lib/tinyusb/src/device/usbd_control.c.obj
                0x000000001000548c                usbd_control_reset
 .text.usbd_control_set_complete_callback
                0x00000000100054a0        0xc CMakeFiles/pico-temp-fan.dir/home/nyereres/pico/pico-sdk/lib/tinyusb/src/device/usbd_control.c.obj
                0x00000000100054a0                usbd_control_set_complete_callback
 .text.usbd_control_set_request
                0x00000000100054ac       0x1c CMakeFiles/pico-temp-fan.dir/home/nyereres/pico/pico-sdk/lib/tinyusb/src/device/usbd_control.c.obj
                0x00000000100054ac                usbd_control_set_request
 .text.usbd_control_xfer_cb
                0x00000000100054c8       0xf0 CMakeFiles/pico-temp-fan.dir/home/nyereres/pico/pico-sdk/lib/tinyusb/src/device/usbd_control.c.obj
                0x00000000100054c8                usbd_control_xfer_cb
 .text._prep_out_transaction.isra.0
                0x00000000100055b8       0x5c CMakeFiles/pico-temp-fan.dir/home/nyereres/pico/pico-sdk/lib/tinyusb/src/class/cdc/cdc_device.c.obj
 .text.tud_cdc_n_connected
                0x0000000010005614       0x30 CMakeFiles/pico-temp-fan.dir/home/nyereres/pico/pico-sdk/lib/tinyusb/src/class/cdc/cdc_device.c.obj
                0x0000000010005614                tud_cdc_n_connected
 .text.tud_cdc_n_available
                0x0000000010005644       0x18 CMakeFiles/pico-temp-fan.dir/home/nyereres/pico/pico-sdk/lib/tinyusb/src/class/cdc/cdc_device.c.obj
                0x0000000010005644                tud_cdc_n_available
 .text.tud_cdc_n_read
                0x000000001000565c       0x98 CMakeFiles/pico-temp-fan.dir/home/nyereres/pico/pico-sdk/lib/tinyusb/src/class/cdc/cdc_device.c.obj
                0x000000001000565c                tud_cdc_n_read
 .text.tud_cdc_n_write_flush
                0x00000000100056f4       0x78 CMakeFiles/pico-temp-fan.dir/home/nyereres/pico/pico-sdk/lib/tinyusb/src/class/cdc/cdc_device.c.obj
                0x00000000100056f4                tud_cdc_n_write_flush
 .text.tud_cdc_n_write
                0x000000001000576c       0x44 CMakeFiles/pico-temp-fan.dir/home/nyereres/pico/pico-sdk/lib/tinyusb/src/class/cdc/cdc_device.c.obj
                0x000000001000576c                tud_cdc_n_write
 .text.tud_cdc_n_write_available
                0x00000000100057b0       0x18 CMakeFiles/pico-temp-fan.dir/home/nyereres/pico/pico-sdk/lib/tinyusb/src/class/cdc/cdc_device.c.obj
                0x00000000100057b0                tud_cdc_n_write_available
 .text.cdcd_init
                0x00000000100057c8       0x7c CMakeFiles/pico-temp-fan.dir/home/nyereres/pico/pico-sdk/lib/tinyusb/src/class/cdc/cdc_device.c.obj
                0x00000000100057c8                cdcd_init
 .text.cdcd_deinit
                0x0000000010005844       0x24 CMakeFiles/pico-temp-fan.dir/home/nyereres/pico/pico-sdk/lib/tinyusb/src/class/cdc/cdc_device.c.obj
                0x0000000010005844                cdcd_deinit
 .text.cdcd_reset
                0x0000000010005868       0x4c CMakeFiles/pico-temp-fan.dir/home/nyereres/pico/pico-sdk/lib/tinyusb/src/class/cdc/cdc_device.c.obj
                0x0000000010005868                cdcd_reset
 .text.cdcd_open
                0x00000000100058b4       0xb4 CMakeFiles/pico-temp-fan.dir/home/nyereres/pico/pico-sdk/lib/tinyusb/src/class/cdc/cdc_device.c.obj
                0x00000000100058b4                cdcd_open
 .text.cdcd_control_xfer_cb
                0x0000000010005968       0xe4 CMakeFiles/pico-temp-fan.dir/home/nyereres/pico/pico-sdk/lib/tinyusb/src/class/cdc/cdc_device.c.obj
                0x0000000010005968                cdcd_control_xfer_cb
 .text.cdcd_xfer_cb
                0x0000000010005a4c       0xfc CMakeFiles/pico-temp-fan.dir/home/nyereres/pico/pico-sdk/lib/tinyusb/src/class/cdc/cdc_device.c.obj
                0x0000000010005a4c                cdcd_xfer_cb
 .text.tud_vendor_n_write_flush
                0x0000000010005b48       0x78 CMakeFiles/pico-temp-fan.dir/home/nyereres/pico/pico-sdk/lib/tinyusb/src/class/vendor/vendor_device.c.obj
                0x0000000010005b48                tud_vendor_n_write_flush
 .text.vendord_init
                0x0000000010005bc0       0x64 CMakeFiles/pico-temp-fan.dir/home/nyereres/pico/pico-sdk/lib/tinyusb/src/class/vendor/vendor_device.c.obj
                0x0000000010005bc0                vendord_init
 .text.vendord_deinit
                0x0000000010005c24       0x24 CMakeFiles/pico-temp-fan.dir/home/nyereres/pico/pico-sdk/lib/tinyusb/src/class/vendor/vendor_device.c.obj
                0x0000000010005c24                vendord_deinit
 .text.vendord_reset
                0x0000000010005c48       0x1c CMakeFiles/pico-temp-fan.dir/home/nyereres/pico/pico-sdk/lib/tinyusb/src/class/vendor/vendor_device.c.obj
                0x0000000010005c48                vendord_reset
 .text.vendord_open
                0x0000000010005c64       0xc8 CMakeFiles/pico-temp-fan.dir/home/nyereres/pico/pico-sdk/lib/tinyusb/src/class/vendor/vendor_device.c.obj
                0x0000000010005c64                vendord_open
 .text.vendord_xfer_cb
                0x0000000010005d2c       0xc8 CMakeFiles/pico-temp-fan.dir/home/nyereres/pico/pico-sdk/lib/tinyusb/src/class/vendor/vendor_device.c.obj
                0x0000000010005d2c                vendord_xfer_cb
 .text.tusb_init
                0x0000000010005df4        0xc CMakeFiles/pico-temp-fan.dir/home/nyereres/pico/pico-sdk/lib/tinyusb/src/tusb.c.obj
                0x0000000010005df4                tusb_init
 .text.tu_edpt_claim
                0x0000000010005e00       0x50 CMakeFiles/pico-temp-fan.dir/home/nyereres/pico/pico-sdk/lib/tinyusb/src/tusb.c.obj
                0x0000000010005e00                tu_edpt_claim
 .text.tu_edpt_release
                0x0000000010005e50       0x38 CMakeFiles/pico-temp-fan.dir/home/nyereres/pico/pico-sdk/lib/tinyusb/src/tusb.c.obj
                0x0000000010005e50                tu_edpt_release
 .text.tu_edpt_validate
                0x0000000010005e88       0x78 CMakeFiles/pico-temp-fan.dir/home/nyereres/pico/pico-sdk/lib/tinyusb/src/tusb.c.obj
                0x0000000010005e88                tu_edpt_validate
 .text.tu_edpt_bind_driver
                0x0000000010005f00       0x34 CMakeFiles/pico-temp-fan.dir/home/nyereres/pico/pico-sdk/lib/tinyusb/src/tusb.c.obj
                0x0000000010005f00                tu_edpt_bind_driver
 .text.tu_fifo_config
                0x0000000010005f34       0x70 CMakeFiles/pico-temp-fan.dir/home/nyereres/pico/pico-sdk/lib/tinyusb/src/common/tusb_fifo.c.obj
                0x0000000010005f34                tu_fifo_config
 .text.tu_fifo_count
                0x0000000010005fa4       0x2c CMakeFiles/pico-temp-fan.dir/home/nyereres/pico/pico-sdk/lib/tinyusb/src/common/tusb_fifo.c.obj
                0x0000000010005fa4                tu_fifo_count
 .text.tu_fifo_empty
                0x0000000010005fd0       0x10 CMakeFiles/pico-temp-fan.dir/home/nyereres/pico/pico-sdk/lib/tinyusb/src/common/tusb_fifo.c.obj
                0x0000000010005fd0                tu_fifo_empty
 .text.tu_fifo_remaining
                0x0000000010005fe0       0x2c CMakeFiles/pico-temp-fan.dir/home/nyereres/pico/pico-sdk/lib/tinyusb/src/common/tusb_fifo.c.obj
                0x0000000010005fe0                tu_fifo_remaining
 .text.tu_fifo_read
                0x000000001000600c       0xa0 CMakeFiles/pico-temp-fan.dir/home/nyereres/pico/pico-sdk/lib/tinyusb/src/common/tusb_fifo.c.obj
                0x000000001000600c                tu_fifo_read
 .text.tu_fifo_read_n
                0x00000000100060ac       0xec CMakeFiles/pico-temp-fan.dir/home/nyereres/pico/pico-sdk/lib/tinyusb/src/common/tusb_fifo.c.obj
                0x00000000100060ac                tu_fifo_read_n
 .text.tu_fifo_write
                0x0000000010006198       0x88 CMakeFiles/pico-temp-fan.dir/home/nyereres/pico/pico-sdk/lib/tinyusb/src/common/tusb_fifo.c.obj
                0x0000000010006198                tu_fifo_write
 .text.tu_fifo_write_n
                0x0000000010006220      0x168 CMakeFiles/pico-temp-fan.dir/home/nyereres/pico/pico-sdk/lib/tinyusb/src/common/tusb_fifo.c.obj
                0x0000000010006220                tu_fifo_write_n
 .text.tu_fifo_clear
                0x0000000010006388       0x40 CMakeFiles/pico-temp-fan.dir/home/nyereres/pico/pico-sdk/lib/tinyusb/src/common/tusb_fifo.c.obj
                0x0000000010006388                tu_fifo_clear
 .text.tu_fifo_set_overwritable
                0x00000000100063c8       0x48 CMakeFiles/pico-temp-fan.dir/home/nyereres/pico/pico-sdk/lib/tinyusb/src/common/tusb_fifo.c.obj
                0x00000000100063c8                tu_fifo_set_overwritable
 .text.pio_claim_unused_sm
                0x0000000010006410       0x38 CMakeFiles/pico-temp-fan.dir/home/nyereres/pico/pico-sdk/src/rp2_common/hardware_pio/pio.c.obj
                0x0000000010006410                pio_claim_unused_sm
 .text.pio_add_program
                0x0000000010006448       0xf4 CMakeFiles/pico-temp-fan.dir/home/nyereres/pico/pico-sdk/src/rp2_common/hardware_pio/pio.c.obj
                0x0000000010006448                pio_add_program
 .text.pio_sm_init
                0x000000001000653c       0x90 CMakeFiles/pico-temp-fan.dir/home/nyereres/pico/pico-sdk/src/rp2_common/hardware_pio/pio.c.obj
                0x000000001000653c                pio_sm_init
 .text.dht_init
                0x00000000100065cc       0x6c CMakeFiles/pico-temp-fan.dir/pico_dht/dht/dht.c.obj
                0x00000000100065cc                dht_init
 .text.dht_start_measurement
                0x0000000010006638      0x1cc CMakeFiles/pico-temp-fan.dir/pico_dht/dht/dht.c.obj
                0x0000000010006638                dht_start_measurement
 .text.dht_finish_measurement_blocking
                0x0000000010006804      0x1d4 CMakeFiles/pico-temp-fan.dir/pico_dht/dht/dht.c.obj
                0x0000000010006804                dht_finish_measurement_blocking
 .text.dma_claim_unused_channel
                0x00000000100069d8       0x20 CMakeFiles/pico-temp-fan.dir/home/nyereres/pico/pico-sdk/src/rp2_common/hardware_dma/dma.c.obj
                0x00000000100069d8                dma_claim_unused_channel
 .text.hd44780_init
                0x00000000100069f8       0x8c pico-hd44780/libpico_hd44780.a(hd44780.c.obj)
                0x00000000100069f8                hd44780_init
 .text._hd44780_pin_setup
                0x0000000010006a84       0x80 pico-hd44780/libpico_hd44780.a(hd44780.c.obj)
                0x0000000010006a84                _hd44780_pin_setup
 .text._hd44780_write_nibble
                0x0000000010006b04       0xa0 pico-hd44780/libpico_hd44780.a(hd44780.c.obj)
                0x0000000010006b04                _hd44780_write_nibble
 .text._hd44780_send.constprop.1
                0x0000000010006ba4      0x1c4 pico-hd44780/libpico_hd44780.a(hd44780.c.obj)
 .text._hd44780_display_setup
                0x0000000010006d68       0x78 pico-hd44780/libpico_hd44780.a(hd44780.c.obj)
                0x0000000010006d68                _hd44780_display_setup
 .text.hd44780_begin
                0x0000000010006de0       0x7c pico-hd44780/libpico_hd44780.a(hd44780.c.obj)
                0x0000000010006de0                hd44780_begin
 .text.hd44780_clear
                0x0000000010006e5c       0x14 pico-hd44780/libpico_hd44780.a(hd44780.c.obj)
                0x0000000010006e5c                hd44780_clear
 .text.hd44780_cursor_set
                0x0000000010006e70       0x2c pico-hd44780/libpico_hd44780.a(hd44780.c.obj)
                0x0000000010006e70                hd44780_cursor_set
 .text.hd44780_print
                0x0000000010006e9c      0x130 pico-hd44780/libpico_hd44780.a(hd44780.c.obj)
                0x0000000010006e9c                hd44780_print
 .text          0x0000000010006fcc       0x5c /usr/lib/gcc/arm-none-eabi/10.3.1/../../../arm-none-eabi/lib/thumb/v6-m/nofp/libg.a(lib_a-strlen-stub.o)
                0x0000000010006fcc                strlen
 *(.fini)
 .fini          0x0000000010007028        0x4 /usr/lib/gcc/arm-none-eabi/10.3.1/thumb/v6-m/nofp/crti.o
                0x0000000010007028                _fini
 *fill*         0x000000001000702c        0x4 
 .fini.__stub   0x0000000010007030       0xd0 linker stubs
 *crtbegin.o(.ctors)
 *crtbegin?.o(.ctors)
 *(EXCLUDE_FILE(*crtend.o *crtend?.o) .ctors)
 *(SORT_BY_NAME(.ctors.*))
 *(.ctors)
 *crtbegin.o(.dtors)
 *crtbegin?.o(.dtors)
 *(EXCLUDE_FILE(*crtend.o *crtend?.o) .dtors)
 *(SORT_BY_NAME(.dtors.*))
 *(.dtors)
                0x0000000010007100                . = ALIGN (0x4)
                0x0000000010007100                PROVIDE (__preinit_array_start = .)
 *(SORT_BY_NAME(.preinit_array.*))
 .preinit_array.00100
                0x0000000010007100        0x4 CMakeFiles/pico-temp-fan.dir/home/nyereres/pico/pico-sdk/src/rp2_common/pico_runtime_init/runtime_init.c.obj
                0x0000000010007100                __pre_init_runtime_init_early_resets
 .preinit_array.00101
                0x0000000010007104        0x4 CMakeFiles/pico-temp-fan.dir/home/nyereres/pico/pico-sdk/src/rp2_common/pico_runtime_init/runtime_init.c.obj
                0x0000000010007104                __pre_init_runtime_init_usb_power_down
 .preinit_array.00275
                0x0000000010007108        0x4 CMakeFiles/pico-temp-fan.dir/home/nyereres/pico/pico-sdk/src/rp2_common/pico_bit_ops/bit_ops_aeabi.S.obj
 .preinit_array.00300
                0x000000001000710c        0x4 CMakeFiles/pico-temp-fan.dir/home/nyereres/pico/pico-sdk/src/rp2_common/pico_mem_ops/mem_ops_aeabi.S.obj
 .preinit_array.00350
                0x0000000010007110        0x4 CMakeFiles/pico-temp-fan.dir/home/nyereres/pico/pico-sdk/src/rp2_common/pico_double/double_aeabi_rp2040.S.obj
 .preinit_array.00350
                0x0000000010007114        0x4 CMakeFiles/pico-temp-fan.dir/home/nyereres/pico/pico-sdk/src/rp2_common/pico_float/float_aeabi_rp2040.S.obj
 .preinit_array.00500
                0x0000000010007118        0x4 CMakeFiles/pico-temp-fan.dir/home/nyereres/pico/pico-sdk/src/rp2_common/pico_runtime_init/runtime_init.c.obj
                0x0000000010007118                __pre_init_runtime_init_clocks
 .preinit_array.00600
                0x000000001000711c        0x4 CMakeFiles/pico-temp-fan.dir/home/nyereres/pico/pico-sdk/src/rp2_common/pico_runtime_init/runtime_init.c.obj
                0x000000001000711c                __pre_init_runtime_init_post_clock_resets
 .preinit_array.00700
                0x0000000010007120        0x4 CMakeFiles/pico-temp-fan.dir/home/nyereres/pico/pico-sdk/src/rp2_common/pico_runtime_init/runtime_init.c.obj
                0x0000000010007120                __pre_init_runtime_init_rp2040_gpio_ie_disable
 .preinit_array.01000
                0x0000000010007124        0x4 CMakeFiles/pico-temp-fan.dir/home/nyereres/pico/pico-sdk/src/rp2_common/pico_runtime_init/runtime_init.c.obj
                0x0000000010007124                __pre_init_runtime_init_spin_locks_reset
 .preinit_array.01100
                0x0000000010007128        0x4 CMakeFiles/pico-temp-fan.dir/home/nyereres/pico/pico-sdk/src/common/pico_sync/mutex.c.obj
                0x0000000010007128                __pre_init_runtime_init_mutex
 .preinit_array.10080
                0x000000001000712c        0x4 CMakeFiles/pico-temp-fan.dir/home/nyereres/pico/pico-sdk/src/rp2_common/pico_runtime_init/runtime_init.c.obj
                0x000000001000712c                __pre_init_runtime_init_install_ram_vector_table
 .preinit_array.11000
                0x0000000010007130        0x4 CMakeFiles/pico-temp-fan.dir/home/nyereres/pico/pico-sdk/src/common/pico_time/time.c.obj
                0x0000000010007130                __pre_init_runtime_init_default_alarm_pool
 .preinit_array.YYYYY
                0x0000000010007134        0x4 CMakeFiles/pico-temp-fan.dir/home/nyereres/pico/pico-sdk/src/rp2_common/pico_runtime/runtime.c.obj
                0x0000000010007134                __pre_init_first_per_core_initializer
 .preinit_array.ZZZZZ.01200
                0x0000000010007138        0x4 CMakeFiles/pico-temp-fan.dir/home/nyereres/pico/pico-sdk/src/rp2_common/hardware_irq/irq.c.obj
                0x0000000010007138                __pre_init_runtime_init_per_core_irq_priorities
 *(.preinit_array)
                0x000000001000713c                PROVIDE (__preinit_array_end = .)
                0x000000001000713c                . = ALIGN (0x4)
                0x000000001000713c                PROVIDE (__init_array_start = .)
 *(SORT_BY_NAME(.init_array.*))
 *(.init_array)
 .init_array    0x000000001000713c        0x4 /usr/lib/gcc/arm-none-eabi/10.3.1/thumb/v6-m/nofp/crtbegin.o
 .init_array    0x0000000010007140        0x4 CMakeFiles/pico-temp-fan.dir/home/nyereres/pico/pico-sdk/src/rp2_common/pico_unique_id/unique_id.c.obj
                0x0000000010007144                PROVIDE (__init_array_end = .)
                0x0000000010007144                . = ALIGN (0x4)
                0x0000000010007144                PROVIDE (__fini_array_start = .)
 *(SORT_BY_NAME(.fini_array.*))
 *(.fini_array)
                0x0000000010007144                PROVIDE (__fini_array_end = .)
 *(.eh_frame*)
 .eh_frame      0x0000000010007144        0x0 /usr/lib/gcc/arm-none-eabi/10.3.1/thumb/v6-m/nofp/crtbegin.o
                0x0000000010007144                . = ALIGN (0x4)

.glue_7         0x0000000010007144        0x0
 .glue_7        0x0000000010007144        0x0 linker stubs

.glue_7t        0x0000000010007144        0x0
 .glue_7t       0x0000000010007144        0x0 linker stubs

.vfp11_veneer   0x0000000010007144        0x0
 .vfp11_veneer  0x0000000010007144        0x0 linker stubs

.v4_bx          0x0000000010007144        0x0
 .v4_bx         0x0000000010007144        0x0 linker stubs

.iplt           0x0000000010007144        0x0
 .iplt          0x0000000010007144        0x0 /usr/lib/gcc/arm-none-eabi/10.3.1/thumb/v6-m/nofp/crtbegin.o

.rodata         0x0000000010007148      0x824
 *(EXCLUDE_FILE(*libm.a: *libc.a:*lib_a-mem*.o *libgcc.a:) .rodata*)
 .rodata.main.str1.4
                0x0000000010007148       0xe0 CMakeFiles/pico-temp-fan.dir/main.c.obj
 .rodata.panic.str1.4
                0x0000000010007228       0x10 CMakeFiles/pico-temp-fan.dir/home/nyereres/pico/pico-sdk/src/rp2_common/pico_platform_panic/panic.c.obj
                                         0x12 (size before relaxing)
 .rodata.spin_lock_claim_unused.str1.4
                0x0000000010007238       0x1b CMakeFiles/pico-temp-fan.dir/home/nyereres/pico/pico-sdk/src/rp2_common/hardware_sync/sync.c.obj
 *fill*         0x0000000010007253        0x1 
 .rodata.user_irq_claim_unused.str1.4
                0x0000000010007254       0x1b CMakeFiles/pico-temp-fan.dir/home/nyereres/pico/pico-sdk/src/rp2_common/hardware_irq/irq.c.obj
 *fill*         0x000000001000726f        0x1 
 .rodata.timer_hardware_alarm_claim.str1.4
                0x0000000010007270       0x22 CMakeFiles/pico-temp-fan.dir/home/nyereres/pico/pico-sdk/src/rp2_common/hardware_timer/timer.c.obj
 *fill*         0x0000000010007292        0x2 
 .rodata.hard_assertion_failure.str1.4
                0x0000000010007294        0xc CMakeFiles/pico-temp-fan.dir/home/nyereres/pico/pico-sdk/src/rp2_common/pico_runtime/runtime.c.obj
 .rodata.missing_double_func_shim.str1.4
                0x00000000100072a0       0x18 CMakeFiles/pico-temp-fan.dir/home/nyereres/pico/pico-sdk/src/rp2_common/pico_double/double_init_rom_rp2040.c.obj
 .rodata.missing_float_func_shim.str1.4
                0x00000000100072b8       0x18 CMakeFiles/pico-temp-fan.dir/home/nyereres/pico/pico-sdk/src/rp2_common/pico_float/float_init_rom_rp2040.c.obj
                                          0x1 (size before relaxing)
 .rodata.str1.4
                0x00000000100072b8       0x34 CMakeFiles/pico-temp-fan.dir/home/nyereres/pico/pico-sdk/src/rp2_common/pico_standard_binary_info/standard_binary_info.c.obj
 .rodata.__bi_26
                0x00000000100072ec        0xc CMakeFiles/pico-temp-fan.dir/home/nyereres/pico/pico-sdk/src/rp2_common/pico_standard_binary_info/standard_binary_info.c.obj
 .rodata.__bi_34
                0x00000000100072f8        0xc CMakeFiles/pico-temp-fan.dir/home/nyereres/pico/pico-sdk/src/rp2_common/pico_standard_binary_info/standard_binary_info.c.obj
 .rodata.__bi_42
                0x0000000010007304        0xc CMakeFiles/pico-temp-fan.dir/home/nyereres/pico/pico-sdk/src/rp2_common/pico_standard_binary_info/standard_binary_info.c.obj
 .rodata.__bi_48
                0x0000000010007310        0xc CMakeFiles/pico-temp-fan.dir/home/nyereres/pico/pico-sdk/src/rp2_common/pico_standard_binary_info/standard_binary_info.c.obj
 .rodata.__bi_54
                0x000000001000731c        0xc CMakeFiles/pico-temp-fan.dir/home/nyereres/pico/pico-sdk/src/rp2_common/pico_standard_binary_info/standard_binary_info.c.obj
 .rodata.__bi_84
                0x0000000010007328        0xc CMakeFiles/pico-temp-fan.dir/home/nyereres/pico/pico-sdk/src/rp2_common/pico_standard_binary_info/standard_binary_info.c.obj
 .rodata._ftoa.str1.4
                0x0000000010007334       0x15 CMakeFiles/pico-temp-fan.dir/home/nyereres/pico/pico-sdk/src/rp2_common/pico_printf/printf.c.obj
 *fill*         0x0000000010007349        0x3 
 .rodata._vsnprintf
                0x000000001000734c      0x1e0 CMakeFiles/pico-temp-fan.dir/home/nyereres/pico/pico-sdk/src/rp2_common/pico_printf/printf.c.obj
 *fill*         0x000000001000752c        0x4 
 .rodata.pow10.0
                0x0000000010007530       0x50 CMakeFiles/pico-temp-fan.dir/home/nyereres/pico/pico-sdk/src/rp2_common/pico_printf/printf.c.obj
 .rodata.crlf_str.0
                0x0000000010007580        0x2 CMakeFiles/pico-temp-fan.dir/home/nyereres/pico/pico-sdk/src/rp2_common/pico_stdio/stdio.c.obj
 *fill*         0x0000000010007582        0x2 
 .rodata._resetd_driver
                0x0000000010007584       0x20 CMakeFiles/pico-temp-fan.dir/home/nyereres/pico/pico-sdk/src/rp2_common/pico_stdio_usb/reset_interface.c.obj
 .rodata.desc_bos
                0x00000000100075a4       0x21 CMakeFiles/pico-temp-fan.dir/home/nyereres/pico/pico-sdk/src/rp2_common/pico_stdio_usb/reset_interface.c.obj
                0x00000000100075a4                desc_bos
 *fill*         0x00000000100075c5        0x3 
 .rodata.desc_ms_os_20
                0x00000000100075c8       0xa6 CMakeFiles/pico-temp-fan.dir/home/nyereres/pico/pico-sdk/src/rp2_common/pico_stdio_usb/reset_interface.c.obj
 *fill*         0x000000001000766e        0x2 
 .rodata.str1.4
                0x0000000010007670       0x13 CMakeFiles/pico-temp-fan.dir/home/nyereres/pico/pico-sdk/src/rp2_common/pico_stdio_usb/stdio_usb.c.obj
 *fill*         0x0000000010007683        0x1 
 .rodata.__bi_197.0
                0x0000000010007684        0xc CMakeFiles/pico-temp-fan.dir/home/nyereres/pico/pico-sdk/src/rp2_common/pico_stdio_usb/stdio_usb.c.obj
 .rodata.str1.4
                0x0000000010007690       0x2a CMakeFiles/pico-temp-fan.dir/home/nyereres/pico/pico-sdk/src/rp2_common/pico_stdio_usb/stdio_usb_descriptors.c.obj
 *fill*         0x00000000100076ba        0x2 
 .rodata.usbd_desc_cfg
                0x00000000100076bc       0x54 CMakeFiles/pico-temp-fan.dir/home/nyereres/pico/pico-sdk/src/rp2_common/pico_stdio_usb/stdio_usb_descriptors.c.obj
 .rodata.usbd_desc_device
                0x0000000010007710       0x12 CMakeFiles/pico-temp-fan.dir/home/nyereres/pico/pico-sdk/src/rp2_common/pico_stdio_usb/stdio_usb_descriptors.c.obj
 *fill*         0x0000000010007722        0x2 
 .rodata.usbd_desc_str
                0x0000000010007724       0x18 CMakeFiles/pico-temp-fan.dir/home/nyereres/pico/pico-sdk/src/rp2_common/pico_stdio_usb/stdio_usb_descriptors.c.obj
 .rodata.str1.4
                0x000000001000773c       0x14 CMakeFiles/pico-temp-fan.dir/home/nyereres/pico/pico-sdk/lib/tinyusb/src/portable/raspberrypi/rp2040/dcd_rp2040.c.obj
 .rodata.str1.4
                0x0000000010007750       0x48 CMakeFiles/pico-temp-fan.dir/home/nyereres/pico/pico-sdk/lib/tinyusb/src/portable/raspberrypi/rp2040/rp2040_usb.c.obj
 .rodata.tud_task_ext
                0x0000000010007798       0x8c CMakeFiles/pico-temp-fan.dir/home/nyereres/pico/pico-sdk/lib/tinyusb/src/device/usbd.c.obj
 .rodata        0x0000000010007824       0x1c CMakeFiles/pico-temp-fan.dir/home/nyereres/pico/pico-sdk/lib/tinyusb/src/device/usbd.c.obj
 .rodata._usbd_driver
                0x0000000010007840       0x40 CMakeFiles/pico-temp-fan.dir/home/nyereres/pico/pico-sdk/lib/tinyusb/src/device/usbd.c.obj
 .rodata.pio_claim_unused_sm.str1.4
                0x0000000010007880       0x24 CMakeFiles/pico-temp-fan.dir/home/nyereres/pico/pico-sdk/src/rp2_common/hardware_pio/pio.c.obj
 .rodata.dht_program
                0x00000000100078a4        0x8 CMakeFiles/pico-temp-fan.dir/pico_dht/dht/dht.c.obj
 .rodata.dht_program_instructions
                0x00000000100078ac       0x22 CMakeFiles/pico-temp-fan.dir/pico_dht/dht/dht.c.obj
 *fill*         0x00000000100078ce        0x2 
 .rodata.dma_claim_unused_channel.str1.4
                0x00000000100078d0       0x1e CMakeFiles/pico-temp-fan.dir/home/nyereres/pico/pico-sdk/src/rp2_common/hardware_dma/dma.c.obj
 *fill*         0x00000000100078ee        0x2 
 .rodata._hd44780_pin_setup.str1.4
                0x00000000100078f0       0x3f pico-hd44780/libpico_hd44780.a(hd44780.c.obj)
 *fill*         0x000000001000792f        0x1 
 .rodata._hd44780_write_nibble.str1.4
                0x0000000010007930       0x39 pico-hd44780/libpico_hd44780.a(hd44780.c.obj)
                0x000000001000796c                . = ALIGN (0x4)
 *fill*         0x0000000010007969        0x3 
 *(SORT_BY_ALIGNMENT(SORT_BY_NAME(.flashdata*)))
                0x000000001000796c                . = ALIGN (0x4)

.ARM.extab
 *(.ARM.extab* .gnu.linkonce.armextab.*)
                0x000000001000796c                __exidx_start = .

.ARM.exidx
 *(.ARM.exidx* .gnu.linkonce.armexidx.*)
                0x000000001000796c                __exidx_end = .
                0x000000001000796c                . = ALIGN (0x4)
                0x000000001000796c                __binary_info_start = .

.binary_info    0x000000001000796c       0x1c
 *(.binary_info.keep.*)
 .binary_info.keep.__bi_ptr26
                0x000000001000796c        0x4 CMakeFiles/pico-temp-fan.dir/home/nyereres/pico/pico-sdk/src/rp2_common/pico_standard_binary_info/standard_binary_info.c.obj
 .binary_info.keep.__bi_ptr34
                0x0000000010007970        0x4 CMakeFiles/pico-temp-fan.dir/home/nyereres/pico/pico-sdk/src/rp2_common/pico_standard_binary_info/standard_binary_info.c.obj
 .binary_info.keep.__bi_ptr42
                0x0000000010007974        0x4 CMakeFiles/pico-temp-fan.dir/home/nyereres/pico/pico-sdk/src/rp2_common/pico_standard_binary_info/standard_binary_info.c.obj
 .binary_info.keep.__bi_ptr48
                0x0000000010007978        0x4 CMakeFiles/pico-temp-fan.dir/home/nyereres/pico/pico-sdk/src/rp2_common/pico_standard_binary_info/standard_binary_info.c.obj
 .binary_info.keep.__bi_ptr54
                0x000000001000797c        0x4 CMakeFiles/pico-temp-fan.dir/home/nyereres/pico/pico-sdk/src/rp2_common/pico_standard_binary_info/standard_binary_info.c.obj
 .binary_info.keep.__bi_ptr84
                0x0000000010007980        0x4 CMakeFiles/pico-temp-fan.dir/home/nyereres/pico/pico-sdk/src/rp2_common/pico_standard_binary_info/standard_binary_info.c.obj
 *(.binary_info.*)
 .binary_info.__bi_ptr197
                0x0000000010007984        0x4 CMakeFiles/pico-temp-fan.dir/home/nyereres/pico/pico-sdk/src/rp2_common/pico_stdio_usb/stdio_usb.c.obj
                0x0000000010007988                __binary_info_end = .

.rel.dyn        0x0000000010007988        0x0
 .rel.iplt      0x0000000010007988        0x0 /usr/lib/gcc/arm-none-eabi/10.3.1/thumb/v6-m/nofp/crtbegin.o
                0x0000000010007988                . = ALIGN (0x4)

.ram_vector_table
                0x0000000020000000       0xc0
 *(.ram_vector_table)
 .ram_vector_table
                0x0000000020000000       0xc0 CMakeFiles/pico-temp-fan.dir/home/nyereres/pico/pico-sdk/src/rp2_common/pico_runtime_init/runtime_init.c.obj
                0x0000000020000000                ram_vector_table

.uninitialized_data
                0x00000000200000c0        0x0
                0x00000000200000c0                . = ALIGN (0x4)
 *(.uninitialized_data*)

.data           0x00000000200000c0     0x1000 load address 0x0000000010007988
                0x00000000200000c0                __data_start__ = .
 *(vtable)
 *(.time_critical*)
 .time_critical.mutex_try_enter
                0x00000000200000c0       0x44 CMakeFiles/pico-temp-fan.dir/home/nyereres/pico/pico-sdk/src/common/pico_sync/mutex.c.obj
                0x00000000200000c0                mutex_try_enter
 .time_critical.mutex_try_enter_block_until
                0x0000000020000104       0x9c CMakeFiles/pico-temp-fan.dir/home/nyereres/pico/pico-sdk/src/common/pico_sync/mutex.c.obj
                0x0000000020000104                mutex_try_enter_block_until
 .time_critical.mutex_enter_timeout_ms
                0x00000000200001a0       0x90 CMakeFiles/pico-temp-fan.dir/home/nyereres/pico/pico-sdk/src/common/pico_sync/mutex.c.obj
                0x00000000200001a0                mutex_enter_timeout_ms
 .time_critical.mutex_exit
                0x0000000020000230       0x28 CMakeFiles/pico-temp-fan.dir/home/nyereres/pico/pico-sdk/src/common/pico_sync/mutex.c.obj
                0x0000000020000230                mutex_exit
 .time_critical.flash_init_boot2_copyout
                0x0000000020000258       0x30 CMakeFiles/pico-temp-fan.dir/home/nyereres/pico/pico-sdk/src/rp2_common/hardware_flash/flash.c.obj
 .time_critical.flash_enable_xip_via_boot2
                0x0000000020000288       0x10 CMakeFiles/pico-temp-fan.dir/home/nyereres/pico/pico-sdk/src/rp2_common/hardware_flash/flash.c.obj
 .time_critical.flash_cs_force
                0x0000000020000298       0x38 CMakeFiles/pico-temp-fan.dir/home/nyereres/pico/pico-sdk/src/rp2_common/hardware_flash/flash.c.obj
 .time_critical.flash_do_cmd
                0x00000000200002d0       0xc4 CMakeFiles/pico-temp-fan.dir/home/nyereres/pico/pico-sdk/src/rp2_common/hardware_flash/flash.c.obj
                0x00000000200002d0                flash_do_cmd
 .time_critical.reset_non_control_endpoints
                0x0000000020000394       0xbc CMakeFiles/pico-temp-fan.dir/home/nyereres/pico/pico-sdk/lib/tinyusb/src/portable/raspberrypi/rp2040/dcd_rp2040.c.obj
 .time_critical.hw_handle_buff_status
                0x0000000020000450       0xa8 CMakeFiles/pico-temp-fan.dir/home/nyereres/pico/pico-sdk/lib/tinyusb/src/portable/raspberrypi/rp2040/dcd_rp2040.c.obj
 .time_critical.dcd_rp2040_irq
                0x00000000200004f8      0x554 CMakeFiles/pico-temp-fan.dir/home/nyereres/pico/pico-sdk/lib/tinyusb/src/portable/raspberrypi/rp2040/dcd_rp2040.c.obj
 .time_critical.prepare_ep_buffer
                0x0000000020000a4c       0xf4 CMakeFiles/pico-temp-fan.dir/home/nyereres/pico/pico-sdk/lib/tinyusb/src/portable/raspberrypi/rp2040/rp2040_usb.c.obj
 .time_critical.sync_ep_buffer
                0x0000000020000b40       0xb4 CMakeFiles/pico-temp-fan.dir/home/nyereres/pico/pico-sdk/lib/tinyusb/src/portable/raspberrypi/rp2040/rp2040_usb.c.obj
 .time_critical._hw_endpoint_xfer_sync
                0x0000000020000bf4       0x28 CMakeFiles/pico-temp-fan.dir/home/nyereres/pico/pico-sdk/lib/tinyusb/src/portable/raspberrypi/rp2040/rp2040_usb.c.obj
 .time_critical.e15_is_bulkin_ep
                0x0000000020000c1c       0x28 CMakeFiles/pico-temp-fan.dir/home/nyereres/pico/pico-sdk/lib/tinyusb/src/portable/raspberrypi/rp2040/rp2040_usb.c.obj
 .time_critical.e15_is_critical_frame_period
                0x0000000020000c44       0x34 CMakeFiles/pico-temp-fan.dir/home/nyereres/pico/pico-sdk/lib/tinyusb/src/portable/raspberrypi/rp2040/rp2040_usb.c.obj
 .time_critical.hw_endpoint_reset_transfer
                0x0000000020000c78        0xc CMakeFiles/pico-temp-fan.dir/home/nyereres/pico/pico-sdk/lib/tinyusb/src/portable/raspberrypi/rp2040/rp2040_usb.c.obj
                0x0000000020000c78                hw_endpoint_reset_transfer
 .time_critical._hw_endpoint_buffer_control_update32
                0x0000000020000c84       0x50 CMakeFiles/pico-temp-fan.dir/home/nyereres/pico/pico-sdk/lib/tinyusb/src/portable/raspberrypi/rp2040/rp2040_usb.c.obj
                0x0000000020000c84                _hw_endpoint_buffer_control_update32
 .time_critical.hw_endpoint_start_next_buffer
                0x0000000020000cd4       0x6c CMakeFiles/pico-temp-fan.dir/home/nyereres/pico/pico-sdk/lib/tinyusb/src/portable/raspberrypi/rp2040/rp2040_usb.c.obj
                0x0000000020000cd4                hw_endpoint_start_next_buffer
 .time_critical.hw_endpoint_xfer_continue
                0x0000000020000d40       0x40 CMakeFiles/pico-temp-fan.dir/home/nyereres/pico/pico-sdk/lib/tinyusb/src/portable/raspberrypi/rp2040/rp2040_usb.c.obj
                0x0000000020000d40                hw_endpoint_xfer_continue
 .time_critical.tinyusb
                0x0000000020000d80      0x1f0 CMakeFiles/pico-temp-fan.dir/home/nyereres/pico/pico-sdk/lib/tinyusb/src/device/usbd.c.obj
                0x0000000020000d80                dcd_event_handler
 *(.text*)
 .text          0x0000000020000f70        0x4 /usr/lib/gcc/arm-none-eabi/10.3.1/thumb/v6-m/nofp/libgcc.a(_dvmd_tls.o)
                0x0000000020000f70                __aeabi_ldiv0
                0x0000000020000f70                __aeabi_idiv0
 *fill*         0x0000000020000f74        0x4 
 .text.__stub   0x0000000020000f78       0x80 linker stubs
                0x0000000020000ff8                . = ALIGN (0x4)
 *(.rodata*)
                0x0000000020000ff8                . = ALIGN (0x4)
 *(.data*)
 .data.striped_spin_lock_num
                0x0000000020000ff8        0x1 CMakeFiles/pico-temp-fan.dir/home/nyereres/pico/pico-sdk/src/rp2_common/hardware_sync/sync.c.obj
 *fill*         0x0000000020000ff9        0x3 
 .data          0x0000000020000ffc       0x48 CMakeFiles/pico-temp-fan.dir/home/nyereres/pico/pico-sdk/src/rp2_common/hardware_irq/irq_handler_chain.S.obj
                0x0000000020000ffc                irq_handler_chain_slots
                0x000000002000102c                irq_handler_chain_first_slot
                0x0000000020001036                irq_handler_chain_remove_tail
 .data.default_alarm_pool
                0x0000000020001044       0x18 CMakeFiles/pico-temp-fan.dir/home/nyereres/pico/pico-sdk/src/common/pico_time/time.c.obj
 *fill*         0x000000002000105c        0x4 
 .data.aeabi_bits_funcs
                0x0000000020001060       0x10 CMakeFiles/pico-temp-fan.dir/home/nyereres/pico/pico-sdk/src/rp2_common/pico_bit_ops/bit_ops_aeabi.S.obj
                0x0000000020001060                aeabi_bits_funcs
                0x0000000020001070                aeabi_bits_funcs_end
 .data.aeabi_mem_funcs
                0x0000000020001070       0x10 CMakeFiles/pico-temp-fan.dir/home/nyereres/pico/pico-sdk/src/rp2_common/pico_mem_ops/mem_ops_aeabi.S.obj
                0x0000000020001070                aeabi_mem_funcs
                0x0000000020001080                aeabi_mem_funcs_end
 .data.stdio_usb
                0x0000000020001080       0x18 CMakeFiles/pico-temp-fan.dir/home/nyereres/pico/pico-sdk/src/rp2_common/pico_stdio_usb/stdio_usb.c.obj
                0x0000000020001080                stdio_usb
 .data._usbd_qdef
                0x0000000020001098       0x1c CMakeFiles/pico-temp-fan.dir/home/nyereres/pico/pico-sdk/lib/tinyusb/src/device/usbd.c.obj
                0x0000000020001098                _usbd_qdef
 .data._usbd_rhport
                0x00000000200010b4        0x1 CMakeFiles/pico-temp-fan.dir/home/nyereres/pico/pico-sdk/lib/tinyusb/src/device/usbd.c.obj
                0x00000000200010b8                . = ALIGN (0x4)
 *fill*         0x00000000200010b5        0x3 
 *(.after_data.*)
                0x00000000200010b8                . = ALIGN (0x4)
                0x00000000200010b8                PROVIDE (__mutex_array_start = .)
 *(SORT_BY_NAME(.mutex_array.*))
 *(.mutex_array)
 .mutex_array   0x00000000200010b8        0x8 CMakeFiles/pico-temp-fan.dir/home/nyereres/pico/pico-sdk/src/rp2_common/pico_stdio/stdio.c.obj
                0x00000000200010c0                PROVIDE (__mutex_array_end = .)
                0x00000000200010c0                . = ALIGN (0x4)
 *(.jcr)
                0x00000000200010c0                . = ALIGN (0x4)

.tm_clone_table
                0x00000000200010c0        0x0 load address 0x0000000010008988
 .tm_clone_table
                0x00000000200010c0        0x0 /usr/lib/gcc/arm-none-eabi/10.3.1/thumb/v6-m/nofp/crtbegin.o
 .tm_clone_table
                0x00000000200010c0        0x0 /usr/lib/gcc/arm-none-eabi/10.3.1/thumb/v6-m/nofp/crtend.o

.igot.plt       0x00000000200010c0        0x0 load address 0x0000000010008988
 .igot.plt      0x00000000200010c0        0x0 /usr/lib/gcc/arm-none-eabi/10.3.1/thumb/v6-m/nofp/crtbegin.o

.tdata          0x00000000200010c0        0x0 load address 0x0000000010008988
                0x00000000200010c0                . = ALIGN (0x4)
 *(.tdata .tdata.* .gnu.linkonce.td.*)
                0x00000000200010c0                __tdata_end = .
                0x00000000200010c0                PROVIDE (__data_end__ = .)
                0x0000000010007988                __etext = LOADADDR (.data)

.tbss           0x00000000200010c0        0x0 load address 0x0000000010008988
                0x00000000200010c0                . = ALIGN (0x4)
                0x00000000200010c0                __bss_start__ = .
                0x00000000200010c0                __tls_base = .
 *(.tbss .tbss.* .gnu.linkonce.tb.*)
 *(.tcommon)
                0x00000000200010c0                __tls_end = .

.bss            0x00000000200010c0     0x10c4 load address 0x0000000010008988
                0x00000000200010c0                . = ALIGN (0x4)
                0x00000000200010c0                __tbss_end = .
 *(SORT_BY_ALIGNMENT(SORT_BY_NAME(.bss*)))
 .bss.default_alarm_pool_entries
                0x00000000200010c0      0x180 CMakeFiles/pico-temp-fan.dir/home/nyereres/pico/pico-sdk/src/common/pico_time/time.c.obj
 .bss.last_avail_time.1
                0x0000000020001240        0x8 CMakeFiles/pico-temp-fan.dir/home/nyereres/pico/pico-sdk/src/rp2_common/pico_stdio_usb/stdio_usb.c.obj
 .bss.sd_table  0x0000000020001248      0x100 CMakeFiles/pico-temp-fan.dir/home/nyereres/pico/pico-sdk/src/rp2_common/pico_double/double_init_rom_rp2040.c.obj
                0x0000000020001248                sd_table
 .bss           0x0000000020001348       0x1c /usr/lib/gcc/arm-none-eabi/10.3.1/thumb/v6-m/nofp/crtbegin.o
 .bss._app_driver
                0x0000000020001364        0x4 CMakeFiles/pico-temp-fan.dir/home/nyereres/pico/pico-sdk/lib/tinyusb/src/device/usbd.c.obj
 .bss._cdcd_fifo_cfg
                0x0000000020001368        0x1 CMakeFiles/pico-temp-fan.dir/home/nyereres/pico/pico-sdk/lib/tinyusb/src/class/cdc/cdc_device.c.obj
 *fill*         0x0000000020001369        0x3 
 .bss._cdcd_itf
                0x000000002000136c      0x2c8 CMakeFiles/pico-temp-fan.dir/home/nyereres/pico/pico-sdk/lib/tinyusb/src/class/cdc/cdc_device.c.obj
 .bss._ctrl_xfer
                0x0000000020001634       0x14 CMakeFiles/pico-temp-fan.dir/home/nyereres/pico/pico-sdk/lib/tinyusb/src/device/usbd_control.c.obj
 .bss._ubsd_mutexdef
                0x0000000020001648        0x8 CMakeFiles/pico-temp-fan.dir/home/nyereres/pico/pico-sdk/lib/tinyusb/src/device/usbd.c.obj
 .bss._usbd_ctrl_buf
                0x0000000020001650       0x40 CMakeFiles/pico-temp-fan.dir/home/nyereres/pico/pico-sdk/lib/tinyusb/src/device/usbd_control.c.obj
 .bss._usbd_dev
                0x0000000020001690       0x54 CMakeFiles/pico-temp-fan.dir/home/nyereres/pico/pico-sdk/lib/tinyusb/src/device/usbd.c.obj
 .bss._usbd_mutex
                0x00000000200016e4        0x4 CMakeFiles/pico-temp-fan.dir/home/nyereres/pico/pico-sdk/lib/tinyusb/src/device/usbd.c.obj
 .bss._usbd_q   0x00000000200016e8        0x4 CMakeFiles/pico-temp-fan.dir/home/nyereres/pico/pico-sdk/lib/tinyusb/src/device/usbd.c.obj
 .bss._usbd_qdef_buf
                0x00000000200016ec       0xc0 CMakeFiles/pico-temp-fan.dir/home/nyereres/pico/pico-sdk/lib/tinyusb/src/device/usbd.c.obj
                0x00000000200016ec                _usbd_qdef_buf
 .bss._used_instruction_space
                0x00000000200017ac        0x8 CMakeFiles/pico-temp-fan.dir/home/nyereres/pico/pico-sdk/src/rp2_common/hardware_pio/pio.c.obj
 .bss._vendord_itf
                0x00000000200017b4      0x2bc CMakeFiles/pico-temp-fan.dir/home/nyereres/pico/pico-sdk/lib/tinyusb/src/class/vendor/vendor_device.c.obj
 .bss.boot2_copyout
                0x0000000020001a70      0x100 CMakeFiles/pico-temp-fan.dir/home/nyereres/pico/pico-sdk/src/rp2_common/hardware_flash/flash.c.obj
 .bss.chars_available_callback
                0x0000000020001b70        0x4 CMakeFiles/pico-temp-fan.dir/home/nyereres/pico/pico-sdk/src/rp2_common/pico_stdio_usb/stdio_usb.c.obj
 .bss.chars_available_param
                0x0000000020001b74        0x4 CMakeFiles/pico-temp-fan.dir/home/nyereres/pico/pico-sdk/src/rp2_common/pico_stdio_usb/stdio_usb.c.obj
 .bss.claimed   0x0000000020001b78        0x4 CMakeFiles/pico-temp-fan.dir/home/nyereres/pico/pico-sdk/src/rp2_common/hardware_sync/sync.c.obj
 .bss.claimed   0x0000000020001b7c        0x1 CMakeFiles/pico-temp-fan.dir/home/nyereres/pico/pico-sdk/src/rp2_common/hardware_timer/timer.c.obj
 *fill*         0x0000000020001b7d        0x3 
 .bss.claimed   0x0000000020001b80        0x1 CMakeFiles/pico-temp-fan.dir/home/nyereres/pico/pico-sdk/src/rp2_common/hardware_pio/pio.c.obj
 *fill*         0x0000000020001b81        0x3 
 .bss.configured_freq
                0x0000000020001b84       0x28 CMakeFiles/pico-temp-fan.dir/home/nyereres/pico/pico-sdk/src/rp2_common/hardware_clocks/clocks.c.obj
 .bss.desc_str.0
                0x0000000020001bac       0x28 CMakeFiles/pico-temp-fan.dir/home/nyereres/pico/pico-sdk/src/rp2_common/pico_stdio_usb/stdio_usb_descriptors.c.obj
 .bss.drivers   0x0000000020001bd4        0x4 CMakeFiles/pico-temp-fan.dir/home/nyereres/pico/pico-sdk/src/rp2_common/pico_stdio/stdio.c.obj
 .bss.e15_last_sof
                0x0000000020001bd8        0x4 CMakeFiles/pico-temp-fan.dir/home/nyereres/pico/pico-sdk/lib/tinyusb/src/portable/raspberrypi/rp2040/rp2040_usb.c.obj
                0x0000000020001bd8                e15_last_sof
 .bss.filter    0x0000000020001bdc        0x4 CMakeFiles/pico-temp-fan.dir/home/nyereres/pico/pico-sdk/src/rp2_common/pico_stdio/stdio.c.obj
 .bss.hw_endpoints
                0x0000000020001be0      0x400 CMakeFiles/pico-temp-fan.dir/home/nyereres/pico/pico-sdk/lib/tinyusb/src/portable/raspberrypi/rp2040/dcd_rp2040.c.obj
 .bss.lazy_vsnprintf
                0x0000000020001fe0        0x4 CMakeFiles/pico-temp-fan.dir/home/nyereres/pico/pico-sdk/src/rp2_common/pico_printf/printf.c.obj
 .bss.lcd       0x0000000020001fe4       0x48 CMakeFiles/pico-temp-fan.dir/main.c.obj
                0x0000000020001fe4                lcd
 .bss.load_value
                0x000000002000202c        0x4 CMakeFiles/pico-temp-fan.dir/home/nyereres/pico/pico-sdk/src/rp2_common/hardware_watchdog/watchdog.c.obj
 .bss.next_buffer_ptr
                0x0000000020002030        0x4 CMakeFiles/pico-temp-fan.dir/home/nyereres/pico/pico-sdk/lib/tinyusb/src/portable/raspberrypi/rp2040/dcd_rp2040.c.obj
 .bss.one_shot_timer_crit_sec
                0x0000000020002034        0x8 CMakeFiles/pico-temp-fan.dir/home/nyereres/pico/pico-sdk/src/rp2_common/pico_stdio_usb/stdio_usb.c.obj
 .bss.pools     0x000000002000203c       0x10 CMakeFiles/pico-temp-fan.dir/home/nyereres/pico/pico-sdk/src/common/pico_time/time.c.obj
 .bss.retrieved_id
                0x000000002000204c        0x8 CMakeFiles/pico-temp-fan.dir/home/nyereres/pico/pico-sdk/src/rp2_common/pico_unique_id/unique_id.c.obj
 .bss.sf_clz_func
                0x0000000020002054        0x4 CMakeFiles/pico-temp-fan.dir/home/nyereres/pico/pico-sdk/src/rp2_common/pico_double/double_init_rom_rp2040.c.obj
                0x0000000020002054                sf_clz_func
 .bss.sf_table  0x0000000020002058      0x100 CMakeFiles/pico-temp-fan.dir/home/nyereres/pico/pico-sdk/src/rp2_common/pico_float/float_init_rom_rp2040.c.obj
                0x0000000020002058                sf_table
 .bss.sleep_notifier
                0x0000000020002158        0x4 CMakeFiles/pico-temp-fan.dir/home/nyereres/pico/pico-sdk/src/common/pico_time/time.c.obj
 .bss.stdio_usb_mutex
                0x000000002000215c        0x8 CMakeFiles/pico-temp-fan.dir/home/nyereres/pico/pico-sdk/src/rp2_common/pico_stdio_usb/stdio_usb.c.obj
 .bss.usbd_serial_str
                0x0000000020002164       0x11 CMakeFiles/pico-temp-fan.dir/home/nyereres/pico/pico-sdk/src/rp2_common/pico_stdio_usb/stdio_usb_descriptors.c.obj
 *fill*         0x0000000020002175        0x1 
 .bss._claimed  0x0000000020002176        0x2 CMakeFiles/pico-temp-fan.dir/home/nyereres/pico/pico-sdk/src/rp2_common/hardware_dma/dma.c.obj
 .bss._app_driver_count
                0x0000000020002178        0x1 CMakeFiles/pico-temp-fan.dir/home/nyereres/pico/pico-sdk/lib/tinyusb/src/device/usbd.c.obj
 .bss._sof_enable
                0x0000000020002179        0x1 CMakeFiles/pico-temp-fan.dir/home/nyereres/pico/pico-sdk/lib/tinyusb/src/portable/raspberrypi/rp2040/dcd_rp2040.c.obj
 .bss._usbd_queued_setup
                0x000000002000217a        0x1 CMakeFiles/pico-temp-fan.dir/home/nyereres/pico/pico-sdk/lib/tinyusb/src/device/usbd.c.obj
 .bss.boot2_copyout_valid
                0x000000002000217b        0x1 CMakeFiles/pico-temp-fan.dir/home/nyereres/pico/pico-sdk/src/rp2_common/hardware_flash/flash.c.obj
 .bss.irq_handler_chain_free_slot_head
                0x000000002000217c        0x1 CMakeFiles/pico-temp-fan.dir/home/nyereres/pico/pico-sdk/src/rp2_common/hardware_irq/irq.c.obj
 .bss.itf_num   0x000000002000217d        0x1 CMakeFiles/pico-temp-fan.dir/home/nyereres/pico/pico-sdk/src/rp2_common/pico_stdio_usb/reset_interface.c.obj
 .bss.low_priority_irq_num